 KepcoOPC

 Timestamp is 6216b085 (Wed Feb 23 16:09:09 2022)

 Preferred load address is 00400000

 Start         Length     Name                   Class
 0001:00000000 0003fe0aH .text$mn                CODE
 0001:0003fe0a 00000047H .text$x                 CODE
 0002:00000000 0000016cH .idata$5                DATA
 0002:0000016c 00000008H .00cfg                  DATA
 0002:00000174 00000004H .CRT$XCA                DATA
 0002:00000178 00000004H .CRT$XCAA               DATA
 0002:0000017c 00000004H .CRT$XCZ                DATA
 0002:00000180 00000004H .CRT$XIA                DATA
 0002:00000184 00000004H .CRT$XIAA               DATA
 0002:00000188 00000004H .CRT$XIAC               DATA
 0002:0000018c 00000010H .CRT$XIC                DATA
 0002:0000019c 00000004H .CRT$XIZ                DATA
 0002:000001a0 00000004H .CRT$XPA                DATA
 0002:000001a4 00000008H .CRT$XPX                DATA
 0002:000001ac 00000004H .CRT$XPXA               DATA
 0002:000001b0 00000004H .CRT$XPZ                DATA
 0002:000001b4 00000004H .CRT$XTA                DATA
 0002:000001b8 00000008H .CRT$XTZ                DATA
 0002:000001bc 00000000H .gfids$y                DATA
 0002:000001c0 00007bc0H .rdata                  DATA
 0002:00007d80 00000004H .rdata$CastGuardVftablesA DATA
 0002:00007d84 00000004H .rdata$CastGuardVftablesC DATA
 0002:00007d88 000002a0H .rdata$r                DATA
 0002:00008028 0000001cH .rdata$sxdata           DATA
 0002:00008044 00000550H .rdata$voltmd           DATA
 0002:00008594 000003b8H .rdata$zzzdbg           DATA
 0002:0000894c 00000004H .rtc$IAA                DATA
 0002:00008950 00000004H .rtc$IZZ                DATA
 0002:00008954 00000004H .rtc$TAA                DATA
 0002:00008958 00000008H .rtc$TZZ                DATA
 0002:00008960 000008a4H .xdata$x                DATA
 0002:00009204 00000000H .edata                  DATA
 0002:00009204 00000028H .idata$2                DATA
 0002:0000922c 00000014H .idata$3                DATA
 0002:00009240 0000016cH .idata$4                DATA
 0002:000093ac 00000608H .idata$6                DATA
 0003:00000000 000008b0H .data                   DATA
 0003:000008b0 00000058H .data$r                 DATA
 0003:00000908 000000b8H .data$rs                DATA
 0003:000009c0 00001534H .bss                    DATA
 0004:00000000 00000060H .rsrc$01                DATA
 0004:00000060 00000180H .rsrc$02                DATA

  Address         Publics by Value              Rva+Base       Lib:Object

 0000:00000000       ___hybrid_code_map_count   00000000     <absolute>
 0000:00000000       ___guard_fids_count        00000000     <absolute>
 0000:00000000       ___guard_longjmp_count     00000000     <absolute>
 0000:00000000       ___dynamic_value_reloc_table 00000000     <absolute>
 0000:00000000       ___hybrid_auxiliary_iat    00000000     <absolute>
 0000:00000000       ___arm64x_redirection_metadata_count 00000000     <absolute>
 0000:00000000       ___arm64x_redirection_metadata 00000000     <absolute>
 0000:00000000       ___guard_fids_table        00000000     <absolute>
 0000:00000000       ___enclave_config          00000000     <absolute>
 0000:00000000       ___guard_eh_cont_table     00000000     <absolute>
 0000:00000000       ___arm64x_extra_rfe_table  00000000     <absolute>
 0000:00000000       ___guard_iat_count         00000000     <absolute>
 0000:00000000       ___arm64x_native_entrypoint 00000000     <absolute>
 0000:00000000       ___hybrid_code_map         00000000     <absolute>
 0000:00000000       ___guard_longjmp_table     00000000     <absolute>
 0000:00000000       ___guard_iat_table         00000000     <absolute>
 0000:00000000       ___x64_code_ranges_to_entry_points 00000000     <absolute>
 0000:00000000       ___AbsoluteZero            00000000     <absolute>
 0000:00000000       __except_list              00000000     <absolute>
 0000:00000000       ___arm64x_extra_rfe_table_size 00000000     <absolute>
 0000:00000000       ___guard_eh_cont_count     00000000     <absolute>
 0000:00000000       ___hybrid_auxiliary_iat_copy 00000000     <absolute>
 0000:00000000       ___x64_code_ranges_to_entry_points_count 00000000     <absolute>
 0000:00000000       ___guard_check_icall_a64n_fptr 00000000     <absolute>
 0000:00000007       ___safe_se_handler_count   00000007     <absolute>
 0000:00000100       ___guard_flags             00000100     <absolute>
 0000:00000000       ___ImageBase               00400000     <linker-defined>
 0001:00000000       ___local_stdio_printf_options 00401000 f i KepcoOPC.obj
 0001:00000010       _main                      00401010 f   KepcoOPC.obj
 0001:00000360       _printf                    00401360 f i KepcoOPC.obj
 0001:00000390       _send_with_wait            00401390 f   KepcoOPC.obj
 0001:00000490       _sprintf                   00401490 f i KepcoOPC.obj
 0001:000004c1       _viOpenDefaultRM@4         004014c1 f   visa32:VISA32.dll
 0001:000004c7       _viOpen@20                 004014c7 f   visa32:VISA32.dll
 0001:000004cd       _viClose@4                 004014cd f   visa32:VISA32.dll
 0001:000004d3       _viSetAttribute@12         004014d3 f   visa32:VISA32.dll
 0001:000004d9       _viRead@16                 004014d9 f   visa32:VISA32.dll
 0001:000004df       _viWrite@16                004014df f   visa32:VISA32.dll
 0001:000004e5       _viReadSTB@8               004014e5 f   visa32:VISA32.dll
 0001:000004eb       @__security_check_cookie@4 004014eb f   LIBCMT:secchk.obj
 0001:0000074a       ?configure_argv@__scrt_narrow_argv_policy@@SAHXZ 0040174a f i LIBCMT:exe_main.obj
 0001:00000757       ?initialize_environment@__scrt_narrow_environment_policy@@SAHXZ 00401757 f i LIBCMT:exe_main.obj
 0001:00000780       ?set_app_type@__scrt_main_policy@@SAXXZ 00401780 f i LIBCMT:exe_main.obj
 0001:00000789       ?set_commode@__scrt_file_policy@@SAXXZ 00401789 f i LIBCMT:exe_main.obj
 0001:0000079a       ?set_fmode@__scrt_file_policy@@SAXXZ 0040179a f i LIBCMT:exe_main.obj
 0001:000007a7       _mainCRTStartup            004017a7 f   LIBCMT:exe_main.obj
 0001:000007b1       ___raise_securityfailure   004017b1 f   LIBCMT:gs_report.obj
 0001:000007d9       ___report_gsfailure        004017d9 f   LIBCMT:gs_report.obj
 0001:000008d3       ___report_rangecheckfailure 004018d3 f   LIBCMT:gs_report.obj
 0001:000008df       ___report_securityfailure  004018df f   LIBCMT:gs_report.obj
 0001:000009ae       ___report_securityfailureEx 004019ae f   LIBCMT:gs_report.obj
 0001:00000b3b       _NtCurrentTeb              00401b3b f i LIBCMT:utility.obj
 0001:00000b42       ___scrt_acquire_startup_lock 00401b42 f   LIBCMT:utility.obj
 0001:00000b74       ___scrt_dllmain_after_initialize_c 00401b74 f   LIBCMT:utility.obj
 0001:00000b9f       ___scrt_dllmain_before_initialize_c 00401b9f f   LIBCMT:utility.obj
 0001:00000bad       ___scrt_dllmain_crt_thread_attach 00401bad f   LIBCMT:utility.obj
 0001:00000bcc       ___scrt_dllmain_crt_thread_detach 00401bcc f   LIBCMT:utility.obj
 0001:00000bd9       ___scrt_dllmain_exception_filter 00401bd9 f   LIBCMT:utility.obj
 0001:00000c0d       ___scrt_dllmain_uninitialize_c 00401c0d f   LIBCMT:utility.obj
 0001:00000c30       ___scrt_dllmain_uninitialize_critical 00401c30 f   LIBCMT:utility.obj
 0001:00000c3d       ___scrt_initialize_crt     00401c3d f   LIBCMT:utility.obj
 0001:00000c76       ___scrt_initialize_onexit_tables 00401c76 f   LIBCMT:utility.obj
 0001:00000cfd       ___scrt_is_nonwritable_in_current_image 00401cfd f   LIBCMT:utility.obj
 0001:00000d91       ___scrt_release_startup_lock 00401d91 f   LIBCMT:utility.obj
 0001:00000dae       ___scrt_uninitialize_crt   00401dae f   LIBCMT:utility.obj
 0001:00000dd6       __onexit                   00401dd6 f   LIBCMT:utility.obj
 0001:00000e03       _at_quick_exit             00401e03 f   LIBCMT:utility.obj
 0001:00000e26       _atexit                    00401e26 f   LIBCMT:utility.obj
 0001:00000e88       ___security_init_cookie    00401e88 f   LIBCMT:gs_support.obj
 0001:00000ed3       __matherr                  00401ed3 f   LIBCMT:matherr.obj
 0001:00000ed6       __get_startup_argv_mode    00401ed6 f   LIBCMT:argv_mode.obj
 0001:00000eda       __get_startup_commit_mode  00401eda f   LIBCMT:commit_mode.obj
 0001:00000edd       __get_startup_file_mode    00401edd f   LIBCMT:file_mode.obj
 0001:00000ee3       __get_startup_new_mode     00401ee3 f   LIBCMT:new_mode.obj
 0001:00000ee6       __get_startup_thread_locale_mode 00401ee6 f   LIBCMT:thread_locale.obj
 0001:00000ee9       ?__scrt_initialize_type_info@@YAXXZ 00401ee9 f   LIBCMT:tncleanup.obj
 0001:00000ef5       ?__scrt_uninitialize_type_info@@YAXXZ 00401ef5 f   LIBCMT:tncleanup.obj
 0001:00000f01       __should_initialize_environment 00401f01 f   LIBCMT:env_mode.obj
 0001:00000f04       __initialize_default_precision 00401f04 f   LIBCMT:default_precision.obj
 0001:00000f25       __initialize_invalid_parameter_handler 00401f25 f   LIBCMT:invalid_parameter_handler.obj
 0001:00000f28       __initialize_denormal_control 00401f28 f   LIBCMT:denormal_control.obj
 0001:00000f2b       ___local_stdio_scanf_options 00401f2b f i LIBCMT:default_local_stdio_options.obj
 0001:00000f31       ___scrt_initialize_default_local_stdio_options 00401f31 f   LIBCMT:default_local_stdio_options.obj
 0001:00000f4e       ___scrt_is_user_matherr_present 00401f4e f   LIBCMT:matherr_detection.obj
 0001:00000f5a       ___scrt_get_dyn_tls_init_callback 00401f5a f   LIBCMT:dyn_tls_init.obj
 0001:00000f60       ___scrt_get_dyn_tls_dtor_callback 00401f60 f   LIBCMT:dyn_tls_dtor.obj
 0001:00000f66       ___scrt_fastfail           00401f66 f   LIBCMT:utility_desktop.obj
 0001:00001081       ___scrt_get_show_window_mode 00402081 f   LIBCMT:utility_desktop.obj
 0001:000010b2       ___scrt_initialize_mta     004020b2 f   LIBCMT:utility_desktop.obj
 0001:000010b7       ___scrt_initialize_winrt   004020b7 f   LIBCMT:utility_desktop.obj
 0001:000010ba       ___scrt_is_managed_app     004020ba f   LIBCMT:utility_desktop.obj
 0001:000010fd       ___scrt_set_unhandled_exception_filter 004020fd f   LIBCMT:utility_desktop.obj
 0001:00001109       ___scrt_exe_initialize_mta 00402109 f   LIBCMT:utility_desktop.obj
 0001:00001109       ___scrt_stub_for_initialize_mta 00402109 f   LIBCMT:utility_desktop.obj
 0001:0000110c       ___scrt_unhandled_exception_filter@4 0040210c f   LIBCMT:utility_desktop.obj
 0001:00001162       __crt_debugger_hook        00402162 f   LIBCMT:utility_desktop.obj
 0001:0000116a       __RTC_Initialize           0040216a f   LIBCMT:initsect.obj
 0001:00001196       __RTC_Terminate            00402196 f   LIBCMT:initsect.obj
 0001:000011d0       __SEH_prolog4              004021d0 f   LIBCMT:sehprolg4.obj
 0001:00001220       __SEH_epilog4              00402220 f   LIBCMT:sehprolg4.obj
 0001:00001234       @_guard_check_icall_nop@4  00402234 f i LIBCMT:guard_support.obj
 0001:00001237       _ReadNoFence               00402237 f i LIBCMT:guard_support.obj
 0001:00001241       _ReadPointerNoFence        00402241 f i LIBCMT:guard_support.obj
 0001:0000124b       ___castguard_check_failure_debugbreak 0040224b f i LIBCMT:guard_support.obj
 0001:00001266       ___castguard_check_failure_fastfail 00402266 f i LIBCMT:guard_support.obj
 0001:00001285       ___castguard_check_failure_nop 00402285 f i LIBCMT:guard_support.obj
 0001:00001288       ___castguard_check_failure_os_handled 00402288 f i LIBCMT:guard_support.obj
 0001:000012dc       ___castguard_slow_path_check_debugbreak 004022dc f i LIBCMT:guard_support.obj
 0001:00001309       ___castguard_slow_path_check_fastfail 00402309 f i LIBCMT:guard_support.obj
 0001:0000133a       ___castguard_slow_path_check_nop 0040233a f i LIBCMT:guard_support.obj
 0001:0000133d       ___castguard_slow_path_check_os_handled 0040233d f i LIBCMT:guard_support.obj
 0001:000013a3       __guard_icall_checks_enforced 004023a3 f i LIBCMT:guard_support.obj
 0001:000013b5       ___isa_available_init      004023b5 f   LIBCMT:cpu_disp.obj
 0001:00001586       ___scrt_is_ucrt_dll_in_use 00402586 f   LIBCMT:ucrt_detection.obj
 0001:000015e0       __except_handler4          004025e0 f   libvcruntime:chandler4.obj
 0001:0000173e       ___vcrt_initialize         0040273e f   libvcruntime:initialization.obj
 0001:0000175d       ___vcrt_thread_attach      0040275d f   libvcruntime:initialization.obj
 0001:00001768       ___vcrt_thread_detach      00402768 f   libvcruntime:initialization.obj
 0001:00001773       ___vcrt_uninitialize       00402773 f   libvcruntime:initialization.obj
 0001:0000178a       ___vcrt_uninitialize_critical 0040278a f   libvcruntime:initialization.obj
 0001:000017a3       ??$?RD@__crt_internal_free_policy@@QBEXQBD@Z 004027a3 f i libvcruntime:std_type_info.obj
 0001:000017b3       ??$?RX@__crt_internal_free_policy@@QBEXQBX@Z 004027b3 f i libvcruntime:std_type_info.obj
 0001:000017c3       ??$__crt_interlocked_compare_exchange_pointer@$$CBDPAD$$T@@YAPBDPDSBDQAD$$T@Z 004027c3 f i libvcruntime:std_type_info.obj
 0001:000017d5       ??$__crt_interlocked_read_pointer@$$CBD@@YAPBDPDSBD@Z 004027d5 f i libvcruntime:std_type_info.obj
 0001:000017df       ??0?$__crt_unique_heap_ptr@DU__crt_internal_free_policy@@@@QAE@QAD@Z 004027df f i libvcruntime:std_type_info.obj
 0001:000017ed       ??0?$__crt_unique_heap_ptr@XU__crt_internal_free_policy@@@@QAE@QAX@Z 004027ed f i libvcruntime:std_type_info.obj
 0001:000017fb       ??1?$__crt_unique_heap_ptr@DU__crt_internal_free_policy@@@@QAE@XZ 004027fb f i libvcruntime:std_type_info.obj
 0001:0000180b       ??1?$__crt_unique_heap_ptr@XU__crt_internal_free_policy@@@@QAE@XZ 0040280b f i libvcruntime:std_type_info.obj
 0001:0000181b       ??B?$__crt_unique_heap_ptr@DU__crt_internal_free_policy@@@@QBE_NXZ 0040281b f i libvcruntime:std_type_info.obj
 0001:00001822       ??B?$__crt_unique_heap_ptr@XU__crt_internal_free_policy@@@@QBE_NXZ 00402822 f i libvcruntime:std_type_info.obj
 0001:00001855       ?__crt_interlocked_read_32@@YAHPDH@Z 00402855 f i libvcruntime:std_type_info.obj
 0001:0000185f       ?detach@?$__crt_unique_heap_ptr@XU__crt_internal_free_policy@@@@QAEPAXXZ 0040285f f i libvcruntime:std_type_info.obj
 0001:00001865       ?get@?$__crt_unique_heap_ptr@DU__crt_internal_free_policy@@@@QBEPADXZ 00402865 f i libvcruntime:std_type_info.obj
 0001:00001868       ?get@?$__crt_unique_heap_ptr@XU__crt_internal_free_policy@@@@QBEPAXXZ 00402868 f i libvcruntime:std_type_info.obj
 0001:0000186b       ?is_valid@?$__crt_unique_heap_ptr@DU__crt_internal_free_policy@@@@QBE_NXZ 0040286b f i libvcruntime:std_type_info.obj
 0001:00001872       ?is_valid@?$__crt_unique_heap_ptr@XU__crt_internal_free_policy@@@@QBE_NXZ 00402872 f i libvcruntime:std_type_info.obj
 0001:00001879       ?release@?$__crt_unique_heap_ptr@DU__crt_internal_free_policy@@@@QAEXXZ 00402879 f i libvcruntime:std_type_info.obj
 0001:00001889       ?release@?$__crt_unique_heap_ptr@XU__crt_internal_free_policy@@@@QAEXXZ 00402889 f i libvcruntime:std_type_info.obj
 0001:00001899       ___std_type_info_compare   00402899 f   libvcruntime:std_type_info.obj
 0001:000018d5       ___std_type_info_destroy_list 004028d5 f   libvcruntime:std_type_info.obj
 0001:000018f8       ___std_type_info_hash      004028f8 f   libvcruntime:std_type_info.obj
 0001:0000191e       ___std_type_info_name      0040291e f   libvcruntime:std_type_info.obj
 0001:000019e3       ___DestructExceptionObject 004029e3 f   libvcruntime:ehhelpers.obj
 0001:00001a84       ?_CallMemberFunction0@@YGXQAX0@Z 00402a84 f i libvcruntime:ehhelpers.obj
 0001:00001ae9       ?raw_name@type_info@@QBEPBDXZ 00402ae9 f i libvcruntime:ehhelpers.obj
 0001:00001aed       __IsExceptionObjectToBeDestroyed 00402aed f   libvcruntime:ehhelpers.obj
 0001:00001b13       __SetWinRTOutOfMemoryExceptionCallback 00402b13 f   libvcruntime:ehhelpers.obj
 0001:00001b20       ___AdjustPointer           00402b20 f   libvcruntime:ehhelpers.obj
 0001:00001b45       ___FrameUnwindFilter       00402b45 f   libvcruntime:ehhelpers.obj
 0001:00001b9b       ___GetPlatformExceptionInfo 00402b9b f   libvcruntime:ehhelpers.obj
 0001:00001be7       ___current_exception       00402be7 f   libvcruntime:ehhelpers.obj
 0001:00001bf0       ___current_exception_context 00402bf0 f   libvcruntime:ehhelpers.obj
 0001:00001bf9       ___processing_throw        00402bf9 f   libvcruntime:ehhelpers.obj
 0001:00001c02       ___std_terminate           00402c02 f   libvcruntime:ehhelpers.obj
 0001:00001c07       __is_exception_typeof      00402c07 f   libvcruntime:ehhelpers.obj
 0001:00001cb0       _memset                    00402cb0 f   libvcruntime:memset.obj
 0001:00001e10       __local_unwind4            00402e10 f   libvcruntime:exsup4.obj
 0001:00001f00       __seh_longjmp_unwind4@4    00402f00 f   libvcruntime:exsup4.obj
 0001:00001f30       @_EH4_CallFilterFunc@8     00402f30 f   libvcruntime:exsup4.obj
 0001:00001f50       @_EH4_TransferToHandler@8  00402f50 f   libvcruntime:exsup4.obj
 0001:00001f70       @_EH4_GlobalUnwind2@8      00402f70 f   libvcruntime:exsup4.obj
 0001:00001f90       @_EH4_LocalUnwind@16       00402f90 f   libvcruntime:exsup4.obj
 0001:00001fb2       ___except_validate_context_record 00402fb2 f   libvcruntime:jbcxrval.obj
 0001:00001fe2       ___except_validate_jump_buffer 00402fe2 f   libvcruntime:jbcxrval.obj
 0001:0000200f       ___except_validate_jump_buffer_common 0040300f f i libvcruntime:jbcxrval.obj
 0001:00002048       ??$?RU__vcrt_ptd@@@__crt_internal_free_policy@@QBEXQBU__vcrt_ptd@@@Z 00403048 f i libvcruntime:per_thread_data.obj
 0001:00002058       ??0?$__crt_unique_heap_ptr@U__vcrt_ptd@@U__crt_internal_free_policy@@@@QAE@QAU__vcrt_ptd@@@Z 00403058 f i libvcruntime:per_thread_data.obj
 0001:00002075       ??1?$__crt_unique_heap_ptr@U__vcrt_ptd@@U__crt_internal_free_policy@@@@QAE@XZ 00403075 f i libvcruntime:per_thread_data.obj
 0001:0000208e       ??B?$__crt_unique_heap_ptr@U__vcrt_ptd@@U__crt_internal_free_policy@@@@QBE_NXZ 0040308e f i libvcruntime:per_thread_data.obj
 0001:00002095       ?detach@?$__crt_unique_heap_ptr@U__vcrt_ptd@@U__crt_internal_free_policy@@@@QAEPAU__vcrt_ptd@@XZ 00403095 f i libvcruntime:per_thread_data.obj
 0001:0000209b       ?get@?$__crt_unique_heap_ptr@U__vcrt_ptd@@U__crt_internal_free_policy@@@@QBEPAU__vcrt_ptd@@XZ 0040309b f i libvcruntime:per_thread_data.obj
 0001:0000209e       ?is_valid@?$__crt_unique_heap_ptr@U__vcrt_ptd@@U__crt_internal_free_policy@@@@QBE_NXZ 0040309e f i libvcruntime:per_thread_data.obj
 0001:000020a5       ?release@?$__crt_unique_heap_ptr@U__vcrt_ptd@@U__crt_internal_free_policy@@@@QAEXXZ 004030a5 f i libvcruntime:per_thread_data.obj
 0001:000020cf       ___vcrt_freefls@4          004030cf f   libvcruntime:per_thread_data.obj
 0001:000020eb       ___vcrt_freeptd            004030eb f   libvcruntime:per_thread_data.obj
 0001:00002121       ___vcrt_getptd             00403121 f   libvcruntime:per_thread_data.obj
 0001:0000212f       ___vcrt_getptd_noexit      0040312f f   libvcruntime:per_thread_data.obj
 0001:000021c1       ___vcrt_getptd_noinit      004031c1 f   libvcruntime:per_thread_data.obj
 0001:000021f8       ___vcrt_initialize_ptd     004031f8 f   libvcruntime:per_thread_data.obj
 0001:0000222b       ___vcrt_uninitialize_ptd   0040322b f   libvcruntime:per_thread_data.obj
 0001:00002246       ___vcrt_initialize_locks   00403246 f   libvcruntime:locks.obj
 0001:00002282       ___vcrt_lock               00403282 f   libvcruntime:locks.obj
 0001:00002297       ___vcrt_uninitialize_locks 00403297 f   libvcruntime:locks.obj
 0001:000022c6       ___vcrt_unlock             004032c6 f   libvcruntime:locks.obj
 0001:000022db       ??$?0$00@DName@@QAE@PBDU?$StringLifeSelector@$00@@@Z 004032db f i libvcruntime:undname.obj
 0001:0000230e       ??$?0$00@pcharNode@@QAE@PBDHU?$StringLifeSelector@$00@@@Z 0040330e f i libvcruntime:undname.obj
 0001:00002329       ??$?0$01@DName@@QAE@PBDU?$StringLifeSelector@$01@@@Z 00403329 f i libvcruntime:undname.obj
 0001:0000235c       ??$?0$01@pcharNode@@QAE@PBDHU?$StringLifeSelector@$01@@@Z 0040335c f i libvcruntime:undname.obj
 0001:0000239c       ??$?0$0A@@DName@@QAE@PBDU?$StringLifeSelector@$0A@@@@Z 0040339c f i libvcruntime:undname.obj
 0001:000023cf       ??$?0$0A@@pcharNode@@QAE@PBDHU?$StringLifeSelector@$0A@@@@Z 004033cf f i libvcruntime:undname.obj
 0001:0000240f       ??$?0_K$0A@@?$optional@_K@std@@QAE@$$QA_K@Z 0040340f f i libvcruntime:undname.obj
 0001:00002429       ??$?0_K@?$_Optional_construct_base@_K@std@@QAE@Uin_place_t@1@$$QA_K@Z 00403429 f i libvcruntime:undname.obj
 0001:00002443       ??$?0_K@?$_Optional_destruct_base@_K$00@std@@QAE@Uin_place_t@1@$$QA_K@Z 00403443 f i libvcruntime:undname.obj
 0001:0000245d       ??$append@VDNameNode@@@DName@@AAEXPBVDNameNode@@@Z 0040345d f i libvcruntime:undname.obj
 0001:0000249e       ??$append@VDNameStatusNode@@@DName@@AAEXPBVDNameStatusNode@@@Z 0040349e f i libvcruntime:undname.obj
 0001:000024df       ??$append@VcharNode@@@DName@@AAEXPBVcharNode@@@Z 004034df f i libvcruntime:undname.obj
 0001:00002520       ??$append@VpDNameNode@@@DName@@AAEXPBVpDNameNode@@@Z 00403520 f i libvcruntime:undname.obj
 0001:00002561       ??$append@VpcharNode@@@DName@@AAEXPBVpcharNode@@@Z 00403561 f i libvcruntime:undname.obj
 0001:000025a2       ??$doPchar@$00@DName@@AAEXPBDH@Z 004035a2 f i libvcruntime:undname.obj
 0001:0000260d       ??$doPchar@$01@DName@@AAEXPBDH@Z 0040360d f i libvcruntime:undname.obj
 0001:0000267e       ??$doPchar@$0A@@DName@@AAEXPBDH@Z 0040367e f i libvcruntime:undname.obj
 0001:000026ef       ??$forward@_K@std@@YA$$QA_KAA_K@Z 004036ef f i libvcruntime:undname.obj
 0001:000026f7       ??$size@D$04@std@@YAIAAY04$$CBD@Z 004036f7 f i libvcruntime:undname.obj
 0001:000026fb       ??$size@D$0EB@@std@@YAIAAY0EB@$$CBD@Z 004036fb f i libvcruntime:undname.obj
 0001:000026ff       ??0?$_Optional_construct_base@_K@std@@QAE@XZ 004036ff f i libvcruntime:undname.obj
 0001:00002706       ??0?$_Optional_destruct_base@_K$00@std@@QAE@XZ 00403706 f i libvcruntime:undname.obj
 0001:0000270d       ??0?$optional@_K@std@@QAE@XZ 0040370d f i libvcruntime:undname.obj
 0001:00002714       ??0Block@_HeapManager@@QAE@XZ 00403714 f i libvcruntime:undname.obj
 0001:0000271a       ??0DName@@QAE@AAPBDD@Z     0040371a f   libvcruntime:undname.obj
 0001:0000279a       ??0DName@@QAE@ABUStringLiteral@@@Z 0040379a f   libvcruntime:undname.obj
 0001:000027c1       ??0DName@@QAE@ABV0@@Z      004037c1 f i libvcruntime:undname.obj
 0001:000027d7       ??0DName@@QAE@D@Z          004037d7 f   libvcruntime:undname.obj
 0001:000027f3       ??0DName@@QAE@PAV0@@Z      004037f3 f   libvcruntime:undname.obj
 0001:0000283a       ??0DName@@QAE@W4DNameStatus@@@Z 0040383a f   libvcruntime:undname.obj
 0001:0000287a       ??0DName@@QAE@XZ           0040387a f i libvcruntime:undname.obj
 0001:00002884       ??0DName@@QAE@_J@Z         00403884 f   libvcruntime:undname.obj
 0001:00002910       ??0DName@@QAE@_K@Z         00403910 f   libvcruntime:undname.obj
 0001:00002976       ??0DNameNode@@IAE@XZ       00403976 f i libvcruntime:undname.obj
 0001:0000297f       ??0Replicator@@QAE@XZ      0040397f f i libvcruntime:undname.obj
 0001:0000298e       ??0UnDecorator@@QAE@PBDP6APADJ@ZK@Z 0040398e f i libvcruntime:undname.obj
 0001:000029da       ??0_Nontrivial_dummy_type@std@@QAE@XZ 004039da f i libvcruntime:undname.obj
 0001:000029dd       ??0charNode@@QAE@D@Z       004039dd f i libvcruntime:undname.obj
 0001:000029f2       ??0pDNameNode@@QAE@PAVDName@@@Z 004039f2 f   libvcruntime:undname.obj
 0001:00002a1a       ??0pairNode@@QAE@PBVDNameNode@@0@Z 00403a1a f i libvcruntime:undname.obj
 0001:00002a40       ??2@YAPAXIAAV_HeapManager@@H@Z 00403a40 f   libvcruntime:undname.obj
 0001:00002a5f       ??4DName@@QAEAAV0@ABUStringLiteral@@@Z 00403a5f f   libvcruntime:undname.obj
 0001:00002a80       ??4DName@@QAEAAV0@ABV0@@Z  00403a80 f   libvcruntime:undname.obj
 0001:00002a96       ??4DName@@QAEAAV0@D@Z      00403a96 f i libvcruntime:undname.obj
 0001:00002ab2       ??4DName@@QAEAAV0@PAV0@@Z  00403ab2 f   libvcruntime:undname.obj
 0001:00002af5       ??4DName@@QAEAAV0@W4DNameStatus@@@Z 00403af5 f   libvcruntime:undname.obj
 0001:00002b27       ??AReplicator@@QBE?AVDName@@H@Z 00403b27 f   libvcruntime:undname.obj
 0001:00002b6d       ??B?$optional@_K@std@@QBE_NXZ 00403b6d f i libvcruntime:undname.obj
 0001:00002b71       ??D?$optional@_K@std@@QGAEAA_KXZ 00403b71 f i libvcruntime:undname.obj
 0001:00002b74       ??H@YA?AVDName@@ABUStringLiteral@@ABV0@@Z 00403b74 f i libvcruntime:undname.obj
 0001:00002b96       ??H@YA?AVDName@@DABV0@@Z   00403b96 f i libvcruntime:undname.obj
 0001:00002bc1       ??H@YA?AVDName@@W4DNameStatus@@ABV0@@Z 00403bc1 f i libvcruntime:undname.obj
 0001:00002be3       ??HDName@@QBE?AV0@ABUStringLiteral@@@Z 00403be3 f   libvcruntime:undname.obj
 0001:00002c05       ??HDName@@QBE?AV0@ABV0@@Z  00403c05 f   libvcruntime:undname.obj
 0001:00002c27       ??HDName@@QBE?AV0@D@Z      00403c27 f   libvcruntime:undname.obj
 0001:00002c49       ??HDName@@QBE?AV0@PAV0@@Z  00403c49 f   libvcruntime:undname.obj
 0001:00002c6b       ??HDName@@QBE?AV0@W4DNameStatus@@@Z 00403c6b f   libvcruntime:undname.obj
 0001:00002c8d       ??HStringLiteral@@QBE?AU0@H@Z 00403c8d f i libvcruntime:undname.obj
 0001:00002ca7       ??YDName@@QAEAAV0@ABUStringLiteral@@@Z 00403ca7 f   libvcruntime:undname.obj
 0001:00002cff       ??YDName@@QAEAAV0@ABV0@@Z  00403cff f   libvcruntime:undname.obj
 0001:00002d56       ??YDName@@QAEAAV0@D@Z      00403d56 f   libvcruntime:undname.obj
 0001:00002dab       ??YDName@@QAEAAV0@PAV0@@Z  00403dab f   libvcruntime:undname.obj
 0001:00002e0f       ??YDName@@QAEAAV0@W4DNameStatus@@@Z 00403e0f f   libvcruntime:undname.obj
 0001:00002e4f       ??YReplicator@@QAEAAV0@ABVDName@@@Z 00403e4f f   libvcruntime:undname.obj
 0001:00002e8d       ??_5DName@@QAEAAV0@ABV0@@Z 00403e8d f   libvcruntime:undname.obj
 0001:00002ea9       ??__K_l@@YA?AUStringLiteral@@PBDI@Z 00403ea9 f i libvcruntime:undname.obj
 0001:00002eb4       ?Constructor@_HeapManager@@QAEXP6APAXI@ZP6AXPAX@Z@Z 00403eb4 f i libvcruntime:undname.obj
 0001:00002ed1       ?Destructor@_HeapManager@@QAEXXZ 00403ed1 f i libvcruntime:undname.obj
 0001:00002f18       ?UScore@UnDecorator@@SA?AUStringLiteral@@W4Tokens@@@Z 00403f18 f   libvcruntime:undname.obj
 0001:00002f3f       ?composeDeclaration@UnDecorator@@CA?AVDName@@ABV2@@Z 00403f3f f i libvcruntime:undname.obj
 0001:00003c72       ?doAccessSpecifiers@UnDecorator@@SAHXZ 00404c72 f i libvcruntime:undname.obj
 0001:00003c80       ?doAllocationLanguage@UnDecorator@@SAHXZ 00404c80 f i libvcruntime:undname.obj
 0001:00003c8e       ?doAllocationModel@UnDecorator@@SAHXZ 00404c8e f i libvcruntime:undname.obj
 0001:00003c9c       ?doEcsu@UnDecorator@@SAHXZ 00404c9c f i libvcruntime:undname.obj
 0001:00003caa       ?doEllipsis@UnDecorator@@SAHXZ 00404caa f i libvcruntime:undname.obj
 0001:00003cb8       ?doFunctionReturns@UnDecorator@@SAHXZ 00404cb8 f i libvcruntime:undname.obj
 0001:00003cc6       ?doMSKeywords@UnDecorator@@SAHXZ 00404cc6 f i libvcruntime:undname.obj
 0001:00003cd3       ?doMemberTypes@UnDecorator@@SAHXZ 00404cd3 f i libvcruntime:undname.obj
 0001:00003ce1       ?doNameOnly@UnDecorator@@SAHXZ 00404ce1 f i libvcruntime:undname.obj
 0001:00003cec       ?doNoIdentCharCheck@UnDecorator@@SAHXZ 00404cec f i libvcruntime:undname.obj
 0001:00003cf7       ?doPchar@DName@@AAEXD@Z    00404cf7 f   libvcruntime:undname.obj
 0001:00003d2f       ?doPtr64@UnDecorator@@SAHXZ 00404d2f f i libvcruntime:undname.obj
 0001:00003d3d       ?doRestrictionSpec@UnDecorator@@SAHXZ 00404d3d f i libvcruntime:undname.obj
 0001:00003d4b       ?doThisTypes@UnDecorator@@SAHXZ 00404d4b f i libvcruntime:undname.obj
 0001:00003d5d       ?doThrowTypes@UnDecorator@@SAHXZ 00404d5d f i libvcruntime:undname.obj
 0001:00003d6b       ?doTypeOnly@UnDecorator@@SAHXZ 00404d6b f i libvcruntime:undname.obj
 0001:00003d76       ?doUnderScore@UnDecorator@@SAHXZ 00404d76 f i libvcruntime:undname.obj
 0001:00003d81       ?getAddressOf@UnDecorator@@CA?AVDName@@XZ 00404d81 f   libvcruntime:undname.obj
 0001:00003df4       ?getArgumentList@UnDecorator@@CA?AVDName@@XZ 00404df4 f   libvcruntime:undname.obj
 0001:00003f03       ?getArgumentTypes@UnDecorator@@CA?AVDName@@XZ 00404f03 f   libvcruntime:undname.obj
 0001:0000401c       ?getArrayAccess@UnDecorator@@CA?AVDName@@XZ 0040501c f   libvcruntime:undname.obj
 0001:0000409b       ?getArrayObject@UnDecorator@@CA?AVDName@@XZ 0040509b f   libvcruntime:undname.obj
 0001:0000413d       ?getArrayType@UnDecorator@@CA?AVDName@@ABV2@@Z 0040513d f i libvcruntime:undname.obj
 0001:000042da       ?getBasedType@UnDecorator@@CA?AVDName@@XZ 004052da f   libvcruntime:undname.obj
 0001:00004395       ?getBasicDataType@UnDecorator@@CA?AVDName@@ABV2@@Z 00405395 f   libvcruntime:undname.obj
 0001:000048c9       ?getCHPEName@UnDecorator@@QAEPADPADH@Z 004058c9 f i libvcruntime:undname.obj
 0001:000049a6       ?getCallIndex@UnDecorator@@CA?AVDName@@XZ 004059a6 f i libvcruntime:undname.obj
 0001:000049ba       ?getCallingConvention@UnDecorator@@CA?AVDName@@XZ 004059ba f   libvcruntime:undname.obj
 0001:00004a97       ?getDataIndirectType@UnDecorator@@CA?AVDName@@ABV2@W4IndirectionKind@@0H@Z 00405a97 f   libvcruntime:undname.obj
 0001:0000512d       ?getDataIndirectType@UnDecorator@@CA?AVDName@@XZ 0040612d f i libvcruntime:undname.obj
 0001:0000515b       ?getDataType@UnDecorator@@CA?AVDName@@PAV2@@Z 0040615b f   libvcruntime:undname.obj
 0001:00005232       ?getDecoratedName@UnDecorator@@CA?AVDName@@XZ 00406232 f   libvcruntime:undname.obj
 0001:0000549c       ?getDimension@UnDecorator@@CA?AVDName@@_N@Z 0040649c f   libvcruntime:undname.obj
 0001:000055b3       ?getDispatchTarget@UnDecorator@@CA?AVDName@@XZ 004065b3 f   libvcruntime:undname.obj
 0001:00005607       ?getDisplacement@UnDecorator@@CA?AVDName@@XZ 00406607 f i libvcruntime:undname.obj
 0001:0000561b       ?getECSUDataType@UnDecorator@@CA?AVDName@@XZ 0040661b f   libvcruntime:undname.obj
 0001:000057ab       ?getECSUName@UnDecorator@@CA?AVDName@@XZ 004067ab f i libvcruntime:undname.obj
 0001:000057bc       ?getEnumType@UnDecorator@@CA?AVDName@@XZ 004067bc f i libvcruntime:undname.obj
 0001:000058dc       ?getExtendedDataIndirectType@UnDecorator@@CA?AVDName@@AAW4IndirectionKind@@AA_NH@Z 004068dc f   libvcruntime:undname.obj
 0001:00005a8f       ?getExternalDataType@UnDecorator@@CA?AVDName@@ABV2@@Z 00406a8f f i libvcruntime:undname.obj
 0001:00005af4       ?getFloatingPoint@UnDecorator@@CA?AVDName@@H@Z 00406af4 f   libvcruntime:undname.obj
 0001:00005be8       ?getFunctionIndirectType@UnDecorator@@CA?AVDName@@ABV2@@Z 00406be8 f   libvcruntime:undname.obj
 0001:00005fa1       ?getGuardNumber@UnDecorator@@CA?AVDName@@XZ 00406fa1 f i libvcruntime:undname.obj
 0001:00005fb5       ?getLastChar@DName@@QBEDXZ 00406fb5 f i libvcruntime:undname.obj
 0001:00005fd5       ?getLastChar@DNameStatusNode@@UBEDXZ 00406fd5 f i libvcruntime:undname.obj
 0001:00005fe1       ?getLastChar@charNode@@UBEDXZ 00406fe1 f i libvcruntime:undname.obj
 0001:00005fe5       ?getLastChar@pDNameNode@@UBEDXZ 00406fe5 f i libvcruntime:undname.obj
 0001:00005ff3       ?getLastChar@pairNode@@UBEDXZ 00406ff3 f i libvcruntime:undname.obj
 0001:00006028       ?getLastChar@pcharNode@@UBEDXZ 00407028 f i libvcruntime:undname.obj
 0001:0000603a       ?getLexicalFrame@UnDecorator@@CA?AVDName@@XZ 0040703a f i libvcruntime:undname.obj
 0001:0000606b       ?getMemberAccess@UnDecorator@@CA?AVDName@@XZ 0040706b f   libvcruntime:undname.obj
 0001:000060e6       ?getMemoryWithBuffer@_HeapManager@@QAEPAXI@Z 004070e6 f   libvcruntime:undname.obj
 0001:00006150       ?getMemoryWithoutBuffer@_HeapManager@@QAEPAXI@Z 00407150 f   libvcruntime:undname.obj
 0001:00006170       ?getNoexcept@UnDecorator@@CA?AVDName@@XZ 00407170 f   libvcruntime:undname.obj
 0001:000061c4       ?getNumberOfDimensions@UnDecorator@@CAHXZ 004071c4 f   libvcruntime:undname.obj
 0001:00006225       ?getOperatorName@UnDecorator@@CA?AVDName@@_NPA_N@Z 00407225 f i libvcruntime:undname.obj
 0001:0000698b       ?getPointerToMember@UnDecorator@@CA?AVDName@@XZ 0040798b f   libvcruntime:undname.obj
 0001:00006a46       ?getPointerType@UnDecorator@@CA?AVDName@@ABV2@0@Z 00407a46 f i libvcruntime:undname.obj
 0001:00006a61       ?getPointerTypeArray@UnDecorator@@CA?AVDName@@ABV2@0@Z 00407a61 f i libvcruntime:undname.obj
 0001:00006a7c       ?getPrimaryDataType@UnDecorator@@CA?AVDName@@ABV2@@Z 00407a7c f   libvcruntime:undname.obj
 0001:00006ccb       ?getPtrRefDataType@UnDecorator@@CA?AVDName@@ABV2@H@Z 00407ccb f   libvcruntime:undname.obj
 0001:00006e38       ?getPtrRefType@UnDecorator@@CA?AVDName@@ABV2@0W4IndirectionKind@@@Z 00407e38 f   libvcruntime:undname.obj
 0001:00006f49       ?getReferenceType@UnDecorator@@CA?AVDName@@ABV2@0W4IndirectionKind@@@Z 00407f49 f i libvcruntime:undname.obj
 0001:00006f65       ?getRestrictionSpec@UnDecorator@@CA?AVDName@@XZ 00407f65 f   libvcruntime:undname.obj
 0001:0000708d       ?getReturnType@UnDecorator@@CA?AVDName@@PAV2@@Z 0040808d f   libvcruntime:undname.obj
 0001:000070bc       ?getScope@UnDecorator@@CA?AVDName@@XZ 004080bc f   libvcruntime:undname.obj
 0001:0000746e       ?getScopedName@UnDecorator@@CA?AVDName@@XZ 0040846e f   libvcruntime:undname.obj
 0001:00007559       ?getSignedDimension@UnDecorator@@CA?AVDName@@XZ 00408559 f   libvcruntime:undname.obj
 0001:000075aa       ?getStorageConvention@UnDecorator@@CA?AVDName@@XZ 004085aa f i libvcruntime:undname.obj
 0001:000075bb       ?getString@DName@@QBEPADPAD0@Z 004085bb f i libvcruntime:undname.obj
 0001:000075e8       ?getString@DName@@QBEPADPADH@Z 004085e8 f i libvcruntime:undname.obj
 0001:0000763d       ?getString@DNameStatusNode@@UBEPADPAD0@Z 0040863d f i libvcruntime:undname.obj
 0001:00007683       ?getString@charNode@@UBEPADPAD0@Z 00408683 f i libvcruntime:undname.obj
 0001:00007698       ?getString@pDNameNode@@UBEPADPAD0@Z 00408698 f i libvcruntime:undname.obj
 0001:000076af       ?getString@pairNode@@UBEPADPAD0@Z 004086af f i libvcruntime:undname.obj
 0001:000076f5       ?getString@pcharNode@@UBEPADPAD0@Z 004086f5 f i libvcruntime:undname.obj
 0001:00007710       ?getStringEncoding@UnDecorator@@CA?AVDName@@W4PrefixKind@@H@Z 00408710 f   libvcruntime:undname.obj
 0001:000077c8       ?getStringHelper@@YAPADPADPBD1H@Z 004087c8 f i libvcruntime:undname.obj
 0001:000077f2       ?getStringObject@UnDecorator@@CA?AVDName@@XZ 004087f2 f   libvcruntime:undname.obj
 0001:00007849       ?getSymbolName@UnDecorator@@CA?AVDName@@XZ 00408849 f i libvcruntime:undname.obj
 0001:00007891       ?getTemplateArgumentList@UnDecorator@@CA?AVDName@@XZ 00408891 f   libvcruntime:undname.obj
 0001:00007a4d       ?getTemplateName@UnDecorator@@CA?AVDName@@_N@Z 00408a4d f   libvcruntime:undname.obj
 0001:00007bae       ?getTemplateNonTypeArgument@UnDecorator@@CA?AVDName@@XZ 00408bae f   libvcruntime:undname.obj
 0001:00007f62       ?getTemplateTypeArgument@UnDecorator@@CA?AVDName@@XZ 00408f62 f   libvcruntime:undname.obj
 0001:00008068       ?getThisType@UnDecorator@@CA?AVDName@@XZ 00409068 f i libvcruntime:undname.obj
 0001:00008097       ?getThrowTypes@UnDecorator@@CA?AVDName@@XZ 00409097 f   libvcruntime:undname.obj
 0001:000080ba       ?getTypeEncoding@UnDecorator@@CAHXZ 004090ba f i libvcruntime:undname.obj
 0001:0000841a       ?getUndecoratedName@UnDecorator@@QAEPADPADH@Z 0040941a f i libvcruntime:undname.obj
 0001:00008539       ?getUnionObject@UnDecorator@@CA?AVDName@@XZ 00409539 f   libvcruntime:undname.obj
 0001:000085e8       ?getVCallThunkType@UnDecorator@@CA?AVDName@@XZ 004095e8 f i libvcruntime:undname.obj
 0001:0000863e       ?getValue@UnDecorator@@CA?AV?$optional@_K@std@@XZ 0040963e f   libvcruntime:undname.obj
 0001:000086ac       ?getValueObject@UnDecorator@@CA?AVDName@@XZ 004096ac f   libvcruntime:undname.obj
 0001:000087c4       ?getVbTableType@UnDecorator@@CA?AVDName@@ABV2@@Z 004097c4 f i libvcruntime:undname.obj
 0001:000087d9       ?getVdispMapType@UnDecorator@@CA?AVDName@@ABV2@@Z 004097d9 f i libvcruntime:undname.obj
 0001:0000883a       ?getVfTableType@UnDecorator@@CA?AVDName@@ABV2@@Z 0040983a f i libvcruntime:undname.obj
 0001:00008990       ?getZName@UnDecorator@@CA?AVDName@@_N0@Z 00409990 f   libvcruntime:undname.obj
 0001:00008ba5       ?haveTemplateParameters@UnDecorator@@SAHXZ 00409ba5 f i libvcruntime:undname.obj
 0001:00008bb0       ?isArray@DName@@QBEHXZ     00409bb0 f i libvcruntime:undname.obj
 0001:00008bba       ?isComArray@DName@@QBEHXZ  00409bba f i libvcruntime:undname.obj
 0001:00008bc4       ?isEmpty@DName@@QBEHXZ     00409bc4 f i libvcruntime:undname.obj
 0001:00008bcc       ?isFull@Replicator@@QBEHXZ 00409bcc f i libvcruntime:undname.obj
 0001:00008bd5       ?isNoTE@DName@@QBEHXZ      00409bd5 f i libvcruntime:undname.obj
 0001:00008bdf       ?isPinPtr@DName@@QBEHXZ    00409bdf f i libvcruntime:undname.obj
 0001:00008be9       ?isPtrRef@DName@@QBEHXZ    00409be9 f i libvcruntime:undname.obj
 0001:00008bf3       ?isUDC@DName@@QBEHXZ       00409bf3 f i libvcruntime:undname.obj
 0001:00008c04       ?isUDTThunk@DName@@QBEHXZ  00409c04 f i libvcruntime:undname.obj
 0001:00008c15       ?isVCallThunk@DName@@QBEHXZ 00409c15 f i libvcruntime:undname.obj
 0001:00008c1f       ?isValid@DName@@QBEHXZ     00409c1f f i libvcruntime:undname.obj
 0001:00008c29       ?length@DName@@QBEHXZ      00409c29 f i libvcruntime:undname.obj
 0001:00008c48       ?length@DNameStatusNode@@UBEHXZ 00409c48 f i libvcruntime:undname.obj
 0001:00008c4c       ?length@charNode@@UBEHXZ   00409c4c f i libvcruntime:undname.obj
 0001:00008c50       ?length@pDNameNode@@UBEHXZ 00409c50 f i libvcruntime:undname.obj
 0001:00008c5e       ?length@pairNode@@UBEHXZ   00409c5e f i libvcruntime:undname.obj
 0001:00008ca7       ?length@pcharNode@@UBEHXZ  00409ca7 f i libvcruntime:undname.obj
 0001:00008cab       ?make@DNameStatusNode@@SAPBV1@W4DNameStatus@@@Z 00409cab f i libvcruntime:undname.obj
 0001:00008cc7       ?parseDecoratedName@UnDecorator@@CA?AVDName@@XZ 00409cc7 f   libvcruntime:undname.obj
 0001:00008dc1       ?raw_length@DNameStatusNode@@UBEHXZ 00409dc1 f i libvcruntime:undname.obj
 0001:00008dc5       ?raw_length@charNode@@UBEHXZ 00409dc5 f i libvcruntime:undname.obj
 0001:00008dc9       ?raw_length@pDNameNode@@UBEHXZ 00409dc9 f i libvcruntime:undname.obj
 0001:00008dcd       ?raw_length@pairNode@@UBEHXZ 00409dcd f i libvcruntime:undname.obj
 0001:00008dd1       ?raw_length@pcharNode@@UBEHXZ 00409dd1 f i libvcruntime:undname.obj
 0001:00008dd5       ?setIsArray@DName@@QAEXXZ  00409dd5 f i libvcruntime:undname.obj
 0001:00008ddd       ?setIsComArray@DName@@QAEXXZ 00409ddd f i libvcruntime:undname.obj
 0001:00008de5       ?setIsNoTE@DName@@QAEXXZ   00409de5 f i libvcruntime:undname.obj
 0001:00008ded       ?setIsPinPtr@DName@@QAEXXZ 00409ded f i libvcruntime:undname.obj
 0001:00008df5       ?setIsUDC@DName@@QAEXXZ    00409df5 f i libvcruntime:undname.obj
 0001:00008e02       ?setIsVCallThunk@DName@@QAEXXZ 00409e02 f i libvcruntime:undname.obj
 0001:00008e0a       ?setPtrRef@DName@@QAEAAV1@XZ 00409e0a f i libvcruntime:undname.obj
 0001:00008e14       ?status@DName@@QBE?AW4DNameStatus@@XZ 00409e14 f i libvcruntime:undname.obj
 0001:00008e80       ___unDName                 00409e80 f   libvcruntime:undname.obj
 0001:00008ea3       ___unDNameEx               00409ea3 f   libvcruntime:undname.obj
 0001:00008f42       __vsprintf_s_l             00409f42 f i libvcruntime:undname.obj
 0001:00008f6f       _sprintf_s                 00409f6f f i libvcruntime:undname.obj
 0001:00008f8b       _unDNameGenerateCHPE       00409f8b f   libvcruntime:undname.obj
 0001:00009030       __global_unwind2           0040a030 f   libvcruntime:exsup.obj
 0001:000090b0       __local_unwind2            0040a0b0 f   libvcruntime:exsup.obj
 0001:00009150       __abnormal_termination     0040a150 f   libvcruntime:exsup.obj
 0001:00009180       __NLG_Notify1              0040a180 f   libvcruntime:exsup.obj
 0001:00009190       __NLG_Notify               0040a190 f   libvcruntime:exsup.obj
 0001:000091a7       __NLG_Dispatch             0040a1a7     libvcruntime:exsup.obj
 0001:000091a7       __NLG_Dispatch2            0040a1a7     libvcruntime:exsup.obj
 0001:000091b0       __NLG_Call                 0040a1b0 f   libvcruntime:exsup.obj
 0001:000091b2       __NLG_Return2              0040a1b2     libvcruntime:exsup.obj
 0001:000091b3       ??$__crt_interlocked_exchange_pointer@UHINSTANCE__@@PAU1@@@YAPAUHINSTANCE__@@PDSAU0@QAU0@@Z 0040a1b3 f i libvcruntime:winapi_downlevel.obj
 0001:000091c0       ??$__crt_interlocked_exchange_pointer@UHINSTANCE__@@PAX@@YAPAUHINSTANCE__@@PDSAU0@QAX@Z 0040a1c0 f i libvcruntime:winapi_downlevel.obj
 0001:000091cd       ??$__crt_interlocked_exchange_pointer@XPAX@@YAPAXPDSAXQAX@Z 0040a1cd f i libvcruntime:winapi_downlevel.obj
 0001:000091da       ??$__crt_interlocked_read_pointer@UHINSTANCE__@@@@YAPAUHINSTANCE__@@PDSAU0@@Z 0040a1da f i libvcruntime:winapi_downlevel.obj
 0001:000091e4       ??$__crt_interlocked_read_pointer@X@@YAPAXPDSAX@Z 0040a1e4 f i libvcruntime:winapi_downlevel.obj
 0001:00009413       ___vcrt_FlsAlloc           0040a413 f   libvcruntime:winapi_downlevel.obj
 0001:0000944e       ___vcrt_FlsFree            0040a44e f   libvcruntime:winapi_downlevel.obj
 0001:00009489       ___vcrt_FlsGetValue        0040a489 f   libvcruntime:winapi_downlevel.obj
 0001:000094c4       ___vcrt_FlsSetValue        0040a4c4 f   libvcruntime:winapi_downlevel.obj
 0001:00009502       ___vcrt_InitializeCriticalSectionEx 0040a502 f   libvcruntime:winapi_downlevel.obj
 0001:00009549       ??$__crt_interlocked_exchange_pointer@$$A6AXXZP6AXXZ@@YAP6AXXZPDS6AXXZQ6AXXZ@Z 0040a549 f i libvcruntime:purevirt.obj
 0001:00009556       ??$__crt_interlocked_read_pointer@$$A6AXXZ@@YAP6AXXZPDS6AXXZ@Z 0040a556 f i libvcruntime:purevirt.obj
 0001:00009560       __get_purecall_handler     0040a560 f   libvcruntime:purevirt.obj
 0001:00009566       __purecall                 0040a566 f   libvcruntime:purevirt.obj
 0001:00009582       __set_purecall_handler     0040a582 f   libvcruntime:purevirt.obj
 0001:00009591       ??$?0AAViterator@TryBlockMap@__FrameHandler3@@AAV012@$0A@@?$pair@Viterator@TryBlockMap@__FrameHandler3@@V123@@std@@QAE@AAViterator@TryBlockMap@__FrameHandler3@@0@Z 0040a591 f i libvcruntime:trnsctrl.obj
 0001:000095b5       ??$forward@AAViterator@TryBlockMap@__FrameHandler3@@@std@@YAAAViterator@TryBlockMap@__FrameHandler3@@AAV123@@Z 0040a5b5 f i libvcruntime:trnsctrl.obj
 0001:000095bd       ??0iterator@TryBlockMap@__FrameHandler3@@QAE@AAV12@I@Z 0040a5bd f i libvcruntime:trnsctrl.obj
 0001:000095d1       ?GetRangeOfTrysToCheck@__FrameHandler3@@SA?AU?$pair@Viterator@TryBlockMap@__FrameHandler3@@V123@@std@@AAVTryBlockMap@1@HPAXPBU_s_FuncInfo@@H@Z 0040a5d1 f   libvcruntime:trnsctrl.obj
 0001:00009641       ?_CallCatchBlock2@@YAPAXPAUEHRegistrationNode@@PBU_s_FuncInfo@@PAXHK@Z 0040a641 f   libvcruntime:trnsctrl.obj
 0001:0000969e       ?_CallSETranslator@@YAHPAUEHExceptionRecord@@PAUEHRegistrationNode@@PAX2PBU_s_FuncInfo@@H1@Z 0040a69e f   libvcruntime:trnsctrl.obj
 0001:00009794       ?_JumpToContinuation@@YGXPAXPAUEHRegistrationNode@@@Z 0040a794 f   libvcruntime:trnsctrl.obj
 0001:000097c4       ?_UnwindNestedFrames@@YGXPAUEHRegistrationNode@@PAUEHExceptionRecord@@@Z 0040a7c4 f   libvcruntime:trnsctrl.obj
 0001:00009817       __CatchGuardHandler        0040a817 f   libvcruntime:trnsctrl.obj
 0001:00009848       __CreateFrameInfo          0040a848 f   libvcruntime:trnsctrl.obj
 0001:0000986c       __FindAndUnlinkFrame       0040a86c f   libvcruntime:trnsctrl.obj
 0001:000098b4       __TranslatorGuardHandler   0040a8b4 f   libvcruntime:trnsctrl.obj
 0001:00009951       ___CxxFrameHandler         0040a951 f   libvcruntime:trnsctrl.obj
 0001:00009987       ___CxxFrameHandler2        0040a987 f   libvcruntime:trnsctrl.obj
 0001:000099bd       ___CxxFrameHandler3        0040a9bd f   libvcruntime:trnsctrl.obj
 0001:000099f3       ___CxxLongjmpUnwind@4      0040a9f3 f   libvcruntime:trnsctrl.obj
 0001:00009a20       _memcpy                    0040aa20 f   libvcruntime:memcpy.obj
 0001:0000a6cb       ??$TypeMatchHelper@V__FrameHandler3@@@@YAHPBU_s_HandlerType@@PBU_s_CatchableType@@PBU_s_ThrowInfo@@@Z 0040b6cb f i libvcruntime:frame.obj
 0001:0000a759       ??$__InternalCxxFrameHandler@V__FrameHandler3@@@@YA?AW4_EXCEPTION_DISPOSITION@@PAUEHExceptionRecord@@PAUEHRegistrationNode@@PAU_CONTEXT@@PAXPBU_s_FuncInfo@@H1E@Z 0040b759 f i libvcruntime:frame.obj
 0001:0000a85b       ??0HandlerMap@__FrameHandler3@@QAE@PBU_s_TryBlockMapEntry@@II@Z 0040b85b f i libvcruntime:frame.obj
 0001:0000a872       ??0TryBlockMap@__FrameHandler3@@QAE@PBU_s_FuncInfo@@I@Z 0040b872 f i libvcruntime:frame.obj
 0001:0000a886       ??0bad_exception@std@@QAE@ABV01@@Z 0040b886 f i libvcruntime:frame.obj
 0001:0000a8a1       ??0bad_exception@std@@QAE@XZ 0040b8a1 f i libvcruntime:frame.obj
 0001:0000a8b9       ??0exception@std@@QAE@ABV01@@Z 0040b8b9 f i libvcruntime:frame.obj
 0001:0000a8e5       ??0exception@std@@QAE@QBDH@Z 0040b8e5 f i libvcruntime:frame.obj
 0001:0000a902       ??0iterator@HandlerMap@__FrameHandler3@@QAE@AAV12@I@Z 0040b902 f i libvcruntime:frame.obj
 0001:0000a916       ??1bad_exception@std@@UAE@XZ 0040b916 f i libvcruntime:frame.obj
 0001:0000a927       ??1exception@std@@UAE@XZ   0040b927 f i libvcruntime:frame.obj
 0001:0000a938       ??8iterator@HandlerMap@__FrameHandler3@@QBE_NABV012@@Z 0040b938 f i libvcruntime:frame.obj
 0001:0000a94b       ??8type_info@@QBE_NABV0@@Z 0040b94b f i libvcruntime:frame.obj
 0001:0000a96a       ??9iterator@HandlerMap@__FrameHandler3@@QBE_NABV012@@Z 0040b96a f i libvcruntime:frame.obj
 0001:0000a97d       ??Diterator@HandlerMap@__FrameHandler3@@QAE?BU_s_HandlerType@@XZ 0040b97d f i libvcruntime:frame.obj
 0001:0000a99c       ??Diterator@TryBlockMap@__FrameHandler3@@QAE?BU_s_TryBlockMapEntry@@XZ 0040b99c f i libvcruntime:frame.obj
 0001:0000a9be       ??Eiterator@HandlerMap@__FrameHandler3@@QAEAAV012@XZ 0040b9be f i libvcruntime:frame.obj
 0001:0000a9c4       ??Eiterator@TryBlockMap@__FrameHandler3@@QAEAAV012@XZ 0040b9c4 f i libvcruntime:frame.obj
 0001:0000a9ca       ??Miterator@TryBlockMap@__FrameHandler3@@QBE_NABV012@@Z 0040b9ca f i libvcruntime:frame.obj
 0001:0000a9dd       ??_Ebad_exception@std@@UAEPAXI@Z 0040b9dd f i libvcruntime:frame.obj
 0001:0000a9dd       ??_Gbad_exception@std@@UAEPAXI@Z 0040b9dd f i libvcruntime:frame.obj
 0001:0000aa0a       ??_Gexception@std@@UAEPAXI@Z 0040ba0a f i libvcruntime:frame.obj
 0001:0000aa0a       ??_Eexception@std@@UAEPAXI@Z 0040ba0a f i libvcruntime:frame.obj
 0001:0000aa37       ?BuildCatchObject@__FrameHandler3@@SAXPAUEHExceptionRecord@@PAXPBU_s_HandlerType@@PBU_s_CatchableType@@@Z 0040ba37 f   libvcruntime:frame.obj
 0001:0000aa3c       ?BuildCatchObjectHelper@__FrameHandler3@@SAHPAUEHExceptionRecord@@PAXPBU_s_HandlerType@@PBU_s_CatchableType@@@Z 0040ba3c f   libvcruntime:frame.obj
 0001:0000ac92       ?FrameUnwindToEmptyState@__FrameHandler3@@SAXPAUEHRegistrationNode@@PAXPBU_s_FuncInfo@@@Z 0040bc92 f   libvcruntime:frame.obj
 0001:0000acaa       ?FrameUnwindToState@__FrameHandler3@@SAXPAUEHRegistrationNode@@PAXPBU_s_FuncInfo@@H@Z 0040bcaa f   libvcruntime:frame.obj
 0001:0000ad92       ?GetMaxState@__FrameHandler3@@SAHPAXPBU_s_FuncInfo@@@Z 0040bd92 f i libvcruntime:frame.obj
 0001:0000ae70       ?TypeMatch@__FrameHandler3@@SAHPBU_s_HandlerType@@PBU_s_CatchableType@@PBU_s_ThrowInfo@@@Z 0040be70 f   libvcruntime:frame.obj
 0001:0000ae79       ?_CallMemberFunction1@@YGXQAX00@Z 0040be79 f i libvcruntime:frame.obj
 0001:0000ae89       ?_CallMemberFunction2@@YGXQAX00H@Z 0040be89 f i libvcruntime:frame.obj
 0001:0000ae9c       ?begin@HandlerMap@__FrameHandler3@@QAE?AViterator@12@XZ 0040be9c f i libvcruntime:frame.obj
 0001:0000aeac       ?end@HandlerMap@__FrameHandler3@@QAE?AViterator@12@XZ 0040beac f i libvcruntime:frame.obj
 0001:0000aebd       ?getESTypes@__FrameHandler3@@SAPBU_s_ESTypeList@@PBU_s_FuncInfo@@@Z 0040bebd f i libvcruntime:frame.obj
 0001:0000aec8       ?getLastEntry@HandlerMap@__FrameHandler3@@QAEPBU_s_HandlerType@@XZ 0040bec8 f i libvcruntime:frame.obj
 0001:0000aed6       ?getMagicNum@__FrameHandler3@@SAIPBU_s_FuncInfo@@@Z 0040bed6 f i libvcruntime:frame.obj
 0001:0000aee5       ?getNumTryBlocks@TryBlockMap@__FrameHandler3@@QAEIXZ 0040bee5 f i libvcruntime:frame.obj
 0001:0000aeeb       ?isEHs@__FrameHandler3@@SA_NPBU_s_FuncInfo@@@Z 0040beeb f i libvcruntime:frame.obj
 0001:0000aef8       ?isNoExcept@__FrameHandler3@@SA_NPBU_s_FuncInfo@@@Z 0040bef8 f i libvcruntime:frame.obj
 0001:0000af08       ?what@exception@std@@UBEPBDXZ 0040bf08 f i libvcruntime:frame.obj
 0001:0000af15       ___BuildCatchObject        0040bf15 f   libvcruntime:frame.obj
 0001:0000af1a       ___BuildCatchObjectHelper  0040bf1a f   libvcruntime:frame.obj
 0001:0000af23       ___TypeMatch               0040bf23 f   libvcruntime:frame.obj
 0001:0000af2c       ___vcrt_EncodePointer      0040bf2c f i libvcruntime:frame.obj
 0001:0000af40       __CallSettingFrame@12      0040bf40 f   libvcruntime:lowhelpr.obj
 0001:0000af67       __NLG_Return               0040bf67     libvcruntime:lowhelpr.obj
 0001:0000afa0       __get_unexpected           0040bfa0 f   libvcruntime:unexpected.obj
 0001:0000afb2       _set_unexpected            0040bfb2 f   libvcruntime:unexpected.obj
 0001:0000afd0       _unexpected                0040bfd0 f   libvcruntime:unexpected.obj
 0001:0000afed       ?GetCurrentState@__FrameHandler3@@SAHPAUEHRegistrationNode@@PAXPBU_s_FuncInfo@@@Z 0040bfed f   libvcruntime:ehstate.obj
 0001:0000b00a       ?SetState@__FrameHandler3@@SAXPAUEHRegistrationNode@@PBU_s_FuncInfo@@H@Z 0040c00a f   libvcruntime:ehstate.obj
 0001:0000b018       ??$?RD@__crt_public_free_policy@@QBEXQBD@Z 0040c018 f i libvcruntime:std_exception.obj
 0001:0000b028       ??0?$__crt_unique_heap_ptr@DU__crt_public_free_policy@@@@QAE@QAD@Z 0040c028 f i libvcruntime:std_exception.obj
 0001:0000b036       ??1?$__crt_unique_heap_ptr@DU__crt_public_free_policy@@@@QAE@XZ 0040c036 f i libvcruntime:std_exception.obj
 0001:0000b046       ??B?$__crt_unique_heap_ptr@DU__crt_public_free_policy@@@@QBE_NXZ 0040c046 f i libvcruntime:std_exception.obj
 0001:0000b04d       ?detach@?$__crt_unique_heap_ptr@DU__crt_public_free_policy@@@@QAEPADXZ 0040c04d f i libvcruntime:std_exception.obj
 0001:0000b053       ?get@?$__crt_unique_heap_ptr@DU__crt_public_free_policy@@@@QBEPADXZ 0040c053 f i libvcruntime:std_exception.obj
 0001:0000b056       ?is_valid@?$__crt_unique_heap_ptr@DU__crt_public_free_policy@@@@QBE_NXZ 0040c056 f i libvcruntime:std_exception.obj
 0001:0000b05d       ?release@?$__crt_unique_heap_ptr@DU__crt_public_free_policy@@@@QAEXXZ 0040c05d f i libvcruntime:std_exception.obj
 0001:0000b06d       ___std_exception_copy      0040c06d f   libvcruntime:std_exception.obj
 0001:0000b0d0       ___std_exception_destroy   0040c0d0 f   libvcruntime:std_exception.obj
 0001:0000b0ef       __CxxThrowException@8      0040c0ef f   libvcruntime:throw.obj
 0001:0000b160       _memmove                   0040c160 f   libvcruntime:memmove.obj
 0001:0000b6d4       ??$?B$$A6GXPAXK0@Z@__crt_fast_encoded_nullptr_t@@QBEP6GXPAXK0@ZXZ 0040c6d4 f i libucrt:exit.obj
 0001:0000b74d       ??$__crt_fast_decode_pointer@P6GXPAXK0@Z@@YAP6GXPAXK0@ZQ6GX0K0@Z@Z 0040c74d f i libucrt:exit.obj
 0001:0000b763       ??$__crt_fast_encode_pointer@P6GXPAXK0@Z@@YAP6GXPAXK0@ZQ6GX0K0@Z@Z 0040c763 f i libucrt:exit.obj
 0001:0000b782       ??$__crt_get_proc_address@P6GXI@Z@@YAP6GXI@ZQAUHINSTANCE__@@QBD@Z 0040c782 f i libucrt:exit.obj
 0001:0000b795       ??$__crt_interlocked_read@J@@YAJPDJ@Z 0040c795 f i libucrt:exit.obj
 0001:0000b7e2       ??0?$__crt_unique_handle_t@U__crt_hmodule_traits@@@@QAE@QAUHINSTANCE__@@@Z 0040c7e2 f i libucrt:exit.obj
 0001:0000b7f2       ??1?$__crt_unique_handle_t@U__crt_hmodule_traits@@@@QAE@XZ 0040c7f2 f i libucrt:exit.obj
 0001:0000b8f5       ?__acrt_select_exit_lock@@YA?AW4__acrt_lock_id@@XZ 0040c8f5 f i libucrt:exit.obj
 0001:0000b8f9       ?__crt_fast_encode_pointer@@YA?AU__crt_fast_encoded_nullptr_t@@$$T@Z 0040c8f9 f i libucrt:exit.obj
 0001:0000b904       ?__crt_rotate_pointer_value@@YAIIH@Z 0040c904 f i libucrt:exit.obj
 0001:0000b926       ?close@?$__crt_unique_handle_t@U__crt_hmodule_traits@@@@QAEXXZ 0040c926 f i libucrt:exit.obj
 0001:0000b93d       ?close@__crt_hmodule_traits@@SA_NPAUHINSTANCE__@@@Z 0040c93d f i libucrt:exit.obj
 0001:0000b9f8       ?get@?$__crt_unique_handle_t@U__crt_hmodule_traits@@@@QBEPAUHINSTANCE__@@XZ 0040c9f8 f i libucrt:exit.obj
 0001:0000b9fb       ?get_address_of@?$__crt_unique_handle_t@U__crt_hmodule_traits@@@@QAEPAPAUHINSTANCE__@@XZ 0040c9fb f i libucrt:exit.obj
 0001:0000b9fe       ?get_invalid_value@__crt_hmodule_traits@@SAPAUHINSTANCE__@@XZ 0040c9fe f i libucrt:exit.obj
 0001:0000bab9       __Exit                     0040cab9 f   libucrt:exit.obj
 0001:0000bacf       ___acrt_initialize_thread_local_exit_callback 0040cacf f   libucrt:exit.obj
 0001:0000bade       __c_exit                   0040cade f   libucrt:exit.obj
 0001:0000baed       __cexit                    0040caed f   libucrt:exit.obj
 0001:0000bafc       __exit                     0040cafc f   libucrt:exit.obj
 0001:0000bb12       __is_c_termination_complete 0040cb12 f   libucrt:exit.obj
 0001:0000bb19       __register_thread_local_exe_atexit_callback 0040cb19 f   libucrt:exit.obj
 0001:0000bb3f       _exit                      0040cb3f f   libucrt:exit.obj
 0001:0000bb55       _quick_exit                0040cb55 f   libucrt:exit.obj
 0001:0000bb6b       __beep                     0040cb6b f   libucrt:slbeep.obj
 0001:0000bb7e       __sleep                    0040cb7e f   libucrt:slbeep.obj
 0001:0000bb94       ??$?RPAU__crt_stdio_stream_data@@@__crt_internal_free_policy@@QBEXQBQAU__crt_stdio_stream_data@@@Z 0040cb94 f i libucrt:_file.obj
 0001:0000bba6       ??0?$__crt_unique_heap_ptr@PAU__crt_stdio_stream_data@@U__crt_internal_free_policy@@@@QAE@QAPAU__crt_stdio_stream_data@@@Z 0040cba6 f i libucrt:_file.obj
 0001:0000bbb6       ??0__crt_stdio_stream@@QAE@QAU_iobuf@@@Z 0040cbb6 f i libucrt:_file.obj
 0001:0000bbc6       ??1?$__crt_unique_heap_ptr@PAU__crt_stdio_stream_data@@U__crt_internal_free_policy@@@@QAE@XZ 0040cbc6 f i libucrt:_file.obj
 0001:0000bbd8       ??C__crt_stdio_stream@@QBEPAU__crt_stdio_stream_data@@XZ 0040cbd8 f i libucrt:_file.obj
 0001:0000bbdb       ?detach@?$__crt_unique_heap_ptr@PAU__crt_stdio_stream_data@@U__crt_internal_free_policy@@@@QAEPAPAU__crt_stdio_stream_data@@XZ 0040cbdb f i libucrt:_file.obj
 0001:0000bbe1       ?release@?$__crt_unique_heap_ptr@PAU__crt_stdio_stream_data@@U__crt_internal_free_policy@@@@QAEXXZ 0040cbe1 f i libucrt:_file.obj
 0001:0000bbf3       ___acrt_initialize_stdio   0040cbf3 f   libucrt:_file.obj
 0001:0000bcbb       ___acrt_iob_func           0040ccbb f   libucrt:_file.obj
 0001:0000bccb       ___acrt_uninitialize_stdio 0040cccb f   libucrt:_file.obj
 0001:0000bd17       __get_stream_buffer_pointers 0040cd17 f   libucrt:_file.obj
 0001:0000bd5d       __lock_file                0040cd5d f   libucrt:_file.obj
 0001:0000bd71       __unlock_file              0040cd71 f   libucrt:_file.obj
 0001:0000c049       ??0__crt_stdio_stream@@QAE@QAU__crt_stdio_stream_data@@@Z 0040d049 f i libucrt:fflush.obj
 0001:0000c16d       ?__acrt_stdio_reset_buffer@@YAXV__crt_stdio_stream@@@Z 0040d16d f i libucrt:fflush.obj
 0001:0000c203       ?get_flags@__crt_stdio_stream@@QBEJXZ 0040d203 f i libucrt:fflush.obj
 0001:0000c20a       ?has_all_of@__crt_stdio_stream@@QBE_NJ@Z 0040d20a f i libucrt:fflush.obj
 0001:0000c272       ?public_stream@__crt_stdio_stream@@QBEPAU_iobuf@@XZ 0040d272 f i libucrt:fflush.obj
 0001:0000c275       ?set_flags@__crt_stdio_stream@@QBE_NJ@Z 0040d275 f i libucrt:fflush.obj
 0001:0000c299       ?unset_flags@__crt_stdio_stream@@QBE_NJ@Z 0040d299 f i libucrt:fflush.obj
 0001:0000c2c2       ?valid@__crt_stdio_stream@@QBE_NXZ 0040d2c2 f i libucrt:fflush.obj
 0001:0000c2c9       ___acrt_stdio_flush_nolock 0040d2c9 f   libucrt:fflush.obj
 0001:0000c32e       __fflush_nolock            0040d32e f   libucrt:fflush.obj
 0001:0000c376       __flushall                 0040d376 f   libucrt:fflush.obj
 0001:0000c37f       _fflush                    0040d37f f   libucrt:fflush.obj
 0001:0000c3d4       ?is_string_backed@__crt_stdio_stream@@QBE_NXZ 0040d3d4 f i libucrt:fgetc.obj
 0001:0000c3e0       __fgetc_nolock             0040d3e0 f   libucrt:fgetc.obj
 0001:0000c41c       __fgetchar                 0040d41c f   libucrt:fgetc.obj
 0001:0000c42c       __getc_nolock              0040d42c f   libucrt:fgetc.obj
 0001:0000c437       _fgetc                     0040d437 f   libucrt:fgetc.obj
 0001:0000c53f       _getc                      0040d53f f   libucrt:fgetc.obj
 0001:0000c54a       _getchar                   0040d54a f   libucrt:fgetc.obj
 0001:0000c54f       ??$?0ABV?$stream_output_adapter@D@__crt_stdio_output@@AB_KABQBDABQAU__crt_locale_pointers@@ABQAD@?$format_validation_base@DV?$stream_output_adapter@D@__crt_stdio_output@@@__crt_stdio_output@@IAE@ABV?$stream_output_adapter@D@1@AB_KABQBDABQAU__crt_locale_pointers@@ABQAD@Z 0040d54f f i libucrt:output.obj
 0001:0000c572       ??$?0ABV?$stream_output_adapter@D@__crt_stdio_output@@AB_KABQBDABQAU__crt_locale_pointers@@ABQAD@?$positional_parameter_base@DV?$stream_output_adapter@D@__crt_stdio_output@@@__crt_stdio_output@@IAE@ABV?$stream_output_adapter@D@1@AB_KABQBDABQAU__crt_locale_pointers@@ABQAD@Z 0040d572 f i libucrt:output.obj
 0001:0000c5ba       ??$?0ABV?$stream_output_adapter@D@__crt_stdio_output@@AB_KABQBDABQAU__crt_locale_pointers@@ABQAD@?$standard_base@DV?$stream_output_adapter@D@__crt_stdio_output@@@__crt_stdio_output@@IAE@ABV?$stream_output_adapter@D@1@AB_KABQBDABQAU__crt_locale_pointers@@ABQAD@Z 0040d5ba f i libucrt:output.obj
 0001:0000c5ef       ??$?0ABV?$stream_output_adapter@_W@__crt_stdio_output@@AB_KABQB_WABQAU__crt_locale_pointers@@ABQAD@?$format_validation_base@_WV?$stream_output_adapter@_W@__crt_stdio_output@@@__crt_stdio_output@@IAE@ABV?$stream_output_adapter@_W@1@AB_KABQB_WABQAU__crt_locale_pointers@@ABQAD@Z 0040d5ef f i libucrt:output.obj
 0001:0000c612       ??$?0ABV?$stream_output_adapter@_W@__crt_stdio_output@@AB_KABQB_WABQAU__crt_locale_pointers@@ABQAD@?$positional_parameter_base@_WV?$stream_output_adapter@_W@__crt_stdio_output@@@__crt_stdio_output@@IAE@ABV?$stream_output_adapter@_W@1@AB_KABQB_WABQAU__crt_locale_pointers@@ABQAD@Z 0040d612 f i libucrt:output.obj
 0001:0000c65a       ??$?0ABV?$stream_output_adapter@_W@__crt_stdio_output@@AB_KABQB_WABQAU__crt_locale_pointers@@ABQAD@?$standard_base@_WV?$stream_output_adapter@_W@__crt_stdio_output@@@__crt_stdio_output@@IAE@ABV?$stream_output_adapter@_W@1@AB_KABQB_WABQAU__crt_locale_pointers@@ABQAD@Z 0040d65a f i libucrt:output.obj
 0001:0000c68f       ??$?0ABV?$string_output_adapter@D@__crt_stdio_output@@AB_KABQBDABQAU__crt_locale_pointers@@ABQAD@?$format_validation_base@DV?$string_output_adapter@D@__crt_stdio_output@@@__crt_stdio_output@@IAE@ABV?$string_output_adapter@D@1@AB_KABQBDABQAU__crt_locale_pointers@@ABQAD@Z 0040d68f f i libucrt:output.obj
 0001:0000c6b2       ??$?0ABV?$string_output_adapter@D@__crt_stdio_output@@AB_KABQBDABQAU__crt_locale_pointers@@ABQAD@?$positional_parameter_base@DV?$string_output_adapter@D@__crt_stdio_output@@@__crt_stdio_output@@IAE@ABV?$string_output_adapter@D@1@AB_KABQBDABQAU__crt_locale_pointers@@ABQAD@Z 0040d6b2 f i libucrt:output.obj
 0001:0000c6fa       ??$?0ABV?$string_output_adapter@D@__crt_stdio_output@@AB_KABQBDABQAU__crt_locale_pointers@@ABQAD@?$standard_base@DV?$string_output_adapter@D@__crt_stdio_output@@@__crt_stdio_output@@IAE@ABV?$string_output_adapter@D@1@AB_KABQBDABQAU__crt_locale_pointers@@ABQAD@Z 0040d6fa f i libucrt:output.obj
 0001:0000c72f       ??$?0ABV?$string_output_adapter@_W@__crt_stdio_output@@AB_KABQB_WABQAU__crt_locale_pointers@@ABQAD@?$format_validation_base@_WV?$string_output_adapter@_W@__crt_stdio_output@@@__crt_stdio_output@@IAE@ABV?$string_output_adapter@_W@1@AB_KABQB_WABQAU__crt_locale_pointers@@ABQAD@Z 0040d72f f i libucrt:output.obj
 0001:0000c752       ??$?0ABV?$string_output_adapter@_W@__crt_stdio_output@@AB_KABQB_WABQAU__crt_locale_pointers@@ABQAD@?$positional_parameter_base@_WV?$string_output_adapter@_W@__crt_stdio_output@@@__crt_stdio_output@@IAE@ABV?$string_output_adapter@_W@1@AB_KABQB_WABQAU__crt_locale_pointers@@ABQAD@Z 0040d752 f i libucrt:output.obj
 0001:0000c79a       ??$?0ABV?$string_output_adapter@_W@__crt_stdio_output@@AB_KABQB_WABQAU__crt_locale_pointers@@ABQAD@?$standard_base@_WV?$string_output_adapter@_W@__crt_stdio_output@@@__crt_stdio_output@@IAE@ABV?$string_output_adapter@_W@1@AB_KABQB_WABQAU__crt_locale_pointers@@ABQAD@Z 0040d79a f i libucrt:output.obj
 0001:0000d994       ??$count@D@formatting_buffer@__crt_stdio_output@@QBEIXZ 0040e994 f i libucrt:output.obj
 0001:0000d9ac       ??$count@_W@formatting_buffer@__crt_stdio_output@@QBEIXZ 0040e9ac f i libucrt:output.obj
 0001:0000d9c5       ??$data@D@formatting_buffer@__crt_stdio_output@@QAEPADXZ 0040e9c5 f i libucrt:output.obj
 0001:0000d9d2       ??$data@_W@formatting_buffer@__crt_stdio_output@@QAEPA_WXZ 0040e9d2 f i libucrt:output.obj
 0001:0000d9df       ??$ensure_buffer_is_big_enough@D@formatting_buffer@__crt_stdio_output@@QAE_NI@Z 0040e9df f i libucrt:output.obj
 0001:0000da5c       ??$ensure_buffer_is_big_enough@_W@formatting_buffer@__crt_stdio_output@@QAE_NI@Z 0040ea5c f i libucrt:output.obj
 0001:0000dada       ??$extract_argument_from_va_list@C_J@?$positional_parameter_base@DV?$stream_output_adapter@D@__crt_stdio_output@@@__crt_stdio_output@@IAE_NAA_J@Z 0040eada f i libucrt:output.obj
 0001:0000db53       ??$extract_argument_from_va_list@C_J@?$positional_parameter_base@DV?$string_output_adapter@D@__crt_stdio_output@@@__crt_stdio_output@@IAE_NAA_J@Z 0040eb53 f i libucrt:output.obj
 0001:0000dbcc       ??$extract_argument_from_va_list@C_J@?$positional_parameter_base@_WV?$stream_output_adapter@_W@__crt_stdio_output@@@__crt_stdio_output@@IAE_NAA_J@Z 0040ebcc f i libucrt:output.obj
 0001:0000dc45       ??$extract_argument_from_va_list@C_J@?$positional_parameter_base@_WV?$string_output_adapter@_W@__crt_stdio_output@@@__crt_stdio_output@@IAE_NAA_J@Z 0040ec45 f i libucrt:output.obj
 0001:0000dcbe       ??$extract_argument_from_va_list@C_J@?$standard_base@DV?$stream_output_adapter@D@__crt_stdio_output@@@__crt_stdio_output@@IAE_NAA_J@Z 0040ecbe f i libucrt:output.obj
 0001:0000dcdd       ??$extract_argument_from_va_list@C_J@?$standard_base@DV?$string_output_adapter@D@__crt_stdio_output@@@__crt_stdio_output@@IAE_NAA_J@Z 0040ecdd f i libucrt:output.obj
 0001:0000dcfc       ??$extract_argument_from_va_list@C_J@?$standard_base@_WV?$stream_output_adapter@_W@__crt_stdio_output@@@__crt_stdio_output@@IAE_NAA_J@Z 0040ecfc f i libucrt:output.obj
 0001:0000dd1b       ??$extract_argument_from_va_list@C_J@?$standard_base@_WV?$string_output_adapter@_W@__crt_stdio_output@@@__crt_stdio_output@@IAE_NAA_J@Z 0040ed1b f i libucrt:output.obj
 0001:0000dd3a       ??$extract_argument_from_va_list@E_J@?$positional_parameter_base@DV?$stream_output_adapter@D@__crt_stdio_output@@@__crt_stdio_output@@IAE_NAA_J@Z 0040ed3a f i libucrt:output.obj
 0001:0000ddb3       ??$extract_argument_from_va_list@E_J@?$positional_parameter_base@DV?$string_output_adapter@D@__crt_stdio_output@@@__crt_stdio_output@@IAE_NAA_J@Z 0040edb3 f i libucrt:output.obj
 0001:0000de2c       ??$extract_argument_from_va_list@E_J@?$positional_parameter_base@_WV?$stream_output_adapter@_W@__crt_stdio_output@@@__crt_stdio_output@@IAE_NAA_J@Z 0040ee2c f i libucrt:output.obj
 0001:0000dea5       ??$extract_argument_from_va_list@E_J@?$positional_parameter_base@_WV?$string_output_adapter@_W@__crt_stdio_output@@@__crt_stdio_output@@IAE_NAA_J@Z 0040eea5 f i libucrt:output.obj
 0001:0000df1e       ??$extract_argument_from_va_list@E_J@?$standard_base@DV?$stream_output_adapter@D@__crt_stdio_output@@@__crt_stdio_output@@IAE_NAA_J@Z 0040ef1e f i libucrt:output.obj
 0001:0000df3d       ??$extract_argument_from_va_list@E_J@?$standard_base@DV?$string_output_adapter@D@__crt_stdio_output@@@__crt_stdio_output@@IAE_NAA_J@Z 0040ef3d f i libucrt:output.obj
 0001:0000df5c       ??$extract_argument_from_va_list@E_J@?$standard_base@_WV?$stream_output_adapter@_W@__crt_stdio_output@@@__crt_stdio_output@@IAE_NAA_J@Z 0040ef5c f i libucrt:output.obj
 0001:0000df7b       ??$extract_argument_from_va_list@E_J@?$standard_base@_WV?$string_output_adapter@_W@__crt_stdio_output@@@__crt_stdio_output@@IAE_NAA_J@Z 0040ef7b f i libucrt:output.obj
 0001:0000df9a       ??$extract_argument_from_va_list@F_J@?$positional_parameter_base@DV?$stream_output_adapter@D@__crt_stdio_output@@@__crt_stdio_output@@IAE_NAA_J@Z 0040ef9a f i libucrt:output.obj
 0001:0000e013       ??$extract_argument_from_va_list@F_J@?$positional_parameter_base@DV?$string_output_adapter@D@__crt_stdio_output@@@__crt_stdio_output@@IAE_NAA_J@Z 0040f013 f i libucrt:output.obj
 0001:0000e08c       ??$extract_argument_from_va_list@F_J@?$positional_parameter_base@_WV?$stream_output_adapter@_W@__crt_stdio_output@@@__crt_stdio_output@@IAE_NAA_J@Z 0040f08c f i libucrt:output.obj
 0001:0000e105       ??$extract_argument_from_va_list@F_J@?$positional_parameter_base@_WV?$string_output_adapter@_W@__crt_stdio_output@@@__crt_stdio_output@@IAE_NAA_J@Z 0040f105 f i libucrt:output.obj
 0001:0000e17e       ??$extract_argument_from_va_list@F_J@?$standard_base@DV?$stream_output_adapter@D@__crt_stdio_output@@@__crt_stdio_output@@IAE_NAA_J@Z 0040f17e f i libucrt:output.obj
 0001:0000e19d       ??$extract_argument_from_va_list@F_J@?$standard_base@DV?$string_output_adapter@D@__crt_stdio_output@@@__crt_stdio_output@@IAE_NAA_J@Z 0040f19d f i libucrt:output.obj
 0001:0000e1bc       ??$extract_argument_from_va_list@F_J@?$standard_base@_WV?$stream_output_adapter@_W@__crt_stdio_output@@@__crt_stdio_output@@IAE_NAA_J@Z 0040f1bc f i libucrt:output.obj
 0001:0000e1db       ??$extract_argument_from_va_list@F_J@?$standard_base@_WV?$string_output_adapter@_W@__crt_stdio_output@@@__crt_stdio_output@@IAE_NAA_J@Z 0040f1db f i libucrt:output.obj
 0001:0000e1fa       ??$extract_argument_from_va_list@GD@?$positional_parameter_base@DV?$stream_output_adapter@D@__crt_stdio_output@@@__crt_stdio_output@@IAE_NAAD@Z 0040f1fa f i libucrt:output.obj
 0001:0000e272       ??$extract_argument_from_va_list@GD@?$positional_parameter_base@DV?$string_output_adapter@D@__crt_stdio_output@@@__crt_stdio_output@@IAE_NAAD@Z 0040f272 f i libucrt:output.obj
 0001:0000e2ea       ??$extract_argument_from_va_list@GD@?$standard_base@DV?$stream_output_adapter@D@__crt_stdio_output@@@__crt_stdio_output@@IAE_NAAD@Z 0040f2ea f i libucrt:output.obj
 0001:0000e304       ??$extract_argument_from_va_list@GD@?$standard_base@DV?$string_output_adapter@D@__crt_stdio_output@@@__crt_stdio_output@@IAE_NAAD@Z 0040f304 f i libucrt:output.obj
 0001:0000e31e       ??$extract_argument_from_va_list@G_J@?$positional_parameter_base@DV?$stream_output_adapter@D@__crt_stdio_output@@@__crt_stdio_output@@IAE_NAA_J@Z 0040f31e f i libucrt:output.obj
 0001:0000e397       ??$extract_argument_from_va_list@G_J@?$positional_parameter_base@DV?$string_output_adapter@D@__crt_stdio_output@@@__crt_stdio_output@@IAE_NAA_J@Z 0040f397 f i libucrt:output.obj
 0001:0000e410       ??$extract_argument_from_va_list@G_J@?$positional_parameter_base@_WV?$stream_output_adapter@_W@__crt_stdio_output@@@__crt_stdio_output@@IAE_NAA_J@Z 0040f410 f i libucrt:output.obj
 0001:0000e489       ??$extract_argument_from_va_list@G_J@?$positional_parameter_base@_WV?$string_output_adapter@_W@__crt_stdio_output@@@__crt_stdio_output@@IAE_NAA_J@Z 0040f489 f i libucrt:output.obj
 0001:0000e502       ??$extract_argument_from_va_list@G_J@?$standard_base@DV?$stream_output_adapter@D@__crt_stdio_output@@@__crt_stdio_output@@IAE_NAA_J@Z 0040f502 f i libucrt:output.obj
 0001:0000e521       ??$extract_argument_from_va_list@G_J@?$standard_base@DV?$string_output_adapter@D@__crt_stdio_output@@@__crt_stdio_output@@IAE_NAA_J@Z 0040f521 f i libucrt:output.obj
 0001:0000e540       ??$extract_argument_from_va_list@G_J@?$standard_base@_WV?$stream_output_adapter@_W@__crt_stdio_output@@@__crt_stdio_output@@IAE_NAA_J@Z 0040f540 f i libucrt:output.obj
 0001:0000e55f       ??$extract_argument_from_va_list@G_J@?$standard_base@_WV?$string_output_adapter@_W@__crt_stdio_output@@@__crt_stdio_output@@IAE_NAA_J@Z 0040f55f f i libucrt:output.obj
 0001:0000e57e       ??$extract_argument_from_va_list@H_J@?$positional_parameter_base@DV?$stream_output_adapter@D@__crt_stdio_output@@@__crt_stdio_output@@IAE_NAA_J@Z 0040f57e f i libucrt:output.obj
 0001:0000e5f5       ??$extract_argument_from_va_list@H_J@?$positional_parameter_base@DV?$string_output_adapter@D@__crt_stdio_output@@@__crt_stdio_output@@IAE_NAA_J@Z 0040f5f5 f i libucrt:output.obj
 0001:0000e66c       ??$extract_argument_from_va_list@H_J@?$positional_parameter_base@_WV?$stream_output_adapter@_W@__crt_stdio_output@@@__crt_stdio_output@@IAE_NAA_J@Z 0040f66c f i libucrt:output.obj
 0001:0000e6e3       ??$extract_argument_from_va_list@H_J@?$positional_parameter_base@_WV?$string_output_adapter@_W@__crt_stdio_output@@@__crt_stdio_output@@IAE_NAA_J@Z 0040f6e3 f i libucrt:output.obj
 0001:0000e75a       ??$extract_argument_from_va_list@H_J@?$standard_base@DV?$stream_output_adapter@D@__crt_stdio_output@@@__crt_stdio_output@@IAE_NAA_J@Z 0040f75a f i libucrt:output.obj
 0001:0000e778       ??$extract_argument_from_va_list@H_J@?$standard_base@DV?$string_output_adapter@D@__crt_stdio_output@@@__crt_stdio_output@@IAE_NAA_J@Z 0040f778 f i libucrt:output.obj
 0001:0000e796       ??$extract_argument_from_va_list@H_J@?$standard_base@_WV?$stream_output_adapter@_W@__crt_stdio_output@@@__crt_stdio_output@@IAE_NAA_J@Z 0040f796 f i libucrt:output.obj
 0001:0000e7b4       ??$extract_argument_from_va_list@H_J@?$standard_base@_WV?$string_output_adapter@_W@__crt_stdio_output@@@__crt_stdio_output@@IAE_NAA_J@Z 0040f7b4 f i libucrt:output.obj
 0001:0000e7d2       ??$extract_argument_from_va_list@I_J@?$positional_parameter_base@DV?$stream_output_adapter@D@__crt_stdio_output@@@__crt_stdio_output@@IAE_NAA_J@Z 0040f7d2 f i libucrt:output.obj
 0001:0000e852       ??$extract_argument_from_va_list@I_J@?$positional_parameter_base@DV?$string_output_adapter@D@__crt_stdio_output@@@__crt_stdio_output@@IAE_NAA_J@Z 0040f852 f i libucrt:output.obj
 0001:0000e8d2       ??$extract_argument_from_va_list@I_J@?$positional_parameter_base@_WV?$stream_output_adapter@_W@__crt_stdio_output@@@__crt_stdio_output@@IAE_NAA_J@Z 0040f8d2 f i libucrt:output.obj
 0001:0000e952       ??$extract_argument_from_va_list@I_J@?$positional_parameter_base@_WV?$string_output_adapter@_W@__crt_stdio_output@@@__crt_stdio_output@@IAE_NAA_J@Z 0040f952 f i libucrt:output.obj
 0001:0000e9d2       ??$extract_argument_from_va_list@I_J@?$standard_base@DV?$stream_output_adapter@D@__crt_stdio_output@@@__crt_stdio_output@@IAE_NAA_J@Z 0040f9d2 f i libucrt:output.obj
 0001:0000e9f0       ??$extract_argument_from_va_list@I_J@?$standard_base@DV?$string_output_adapter@D@__crt_stdio_output@@@__crt_stdio_output@@IAE_NAA_J@Z 0040f9f0 f i libucrt:output.obj
 0001:0000ea0e       ??$extract_argument_from_va_list@I_J@?$standard_base@_WV?$stream_output_adapter@_W@__crt_stdio_output@@@__crt_stdio_output@@IAE_NAA_J@Z 0040fa0e f i libucrt:output.obj
 0001:0000ea2c       ??$extract_argument_from_va_list@I_J@?$standard_base@_WV?$string_output_adapter@_W@__crt_stdio_output@@@__crt_stdio_output@@IAE_NAA_J@Z 0040fa2c f i libucrt:output.obj
 0001:0000ea4a       ??$extract_argument_from_va_list@PADPAD@?$positional_parameter_base@DV?$stream_output_adapter@D@__crt_stdio_output@@@__crt_stdio_output@@IAE_NAAPAD@Z 0040fa4a f i libucrt:output.obj
 0001:0000eac2       ??$extract_argument_from_va_list@PADPAD@?$positional_parameter_base@DV?$string_output_adapter@D@__crt_stdio_output@@@__crt_stdio_output@@IAE_NAAPAD@Z 0040fac2 f i libucrt:output.obj
 0001:0000eb3a       ??$extract_argument_from_va_list@PADPAD@?$positional_parameter_base@_WV?$stream_output_adapter@_W@__crt_stdio_output@@@__crt_stdio_output@@IAE_NAAPAD@Z 0040fb3a f i libucrt:output.obj
 0001:0000ebb2       ??$extract_argument_from_va_list@PADPAD@?$positional_parameter_base@_WV?$string_output_adapter@_W@__crt_stdio_output@@@__crt_stdio_output@@IAE_NAAPAD@Z 0040fbb2 f i libucrt:output.obj
 0001:0000ec2a       ??$extract_argument_from_va_list@PADPAD@?$standard_base@DV?$stream_output_adapter@D@__crt_stdio_output@@@__crt_stdio_output@@IAE_NAAPAD@Z 0040fc2a f i libucrt:output.obj
 0001:0000ec44       ??$extract_argument_from_va_list@PADPAD@?$standard_base@DV?$string_output_adapter@D@__crt_stdio_output@@@__crt_stdio_output@@IAE_NAAPAD@Z 0040fc44 f i libucrt:output.obj
 0001:0000ec5e       ??$extract_argument_from_va_list@PADPAD@?$standard_base@_WV?$stream_output_adapter@_W@__crt_stdio_output@@@__crt_stdio_output@@IAE_NAAPAD@Z 0040fc5e f i libucrt:output.obj
 0001:0000ec78       ??$extract_argument_from_va_list@PADPAD@?$standard_base@_WV?$string_output_adapter@_W@__crt_stdio_output@@@__crt_stdio_output@@IAE_NAAPAD@Z 0040fc78 f i libucrt:output.obj
 0001:0000ec92       ??$extract_argument_from_va_list@PAUansi_string@?1??type_case_Z@?$output_processor@DV?$stream_output_adapter@D@__crt_stdio_output@@V?$format_validation_base@DV?$stream_output_adapter@D@__crt_stdio_output@@@2@@__crt_stdio_output@@AAE_NXZ@PAU1?1??234@AAE_NXZ@@?$standard_base@DV?$stream_output_adapter@D@__crt_stdio_output@@@__crt_stdio_output@@IAE_NAAPAUansi_string@?1??type_case_Z@?$output_processor@DV?$stream_output_adapter@D@__crt_stdio_output@@V?$format_validation_base@DV?$stream_output_adapter@D@__crt_stdio_output@@@2@@1@AAE_NXZ@@Z 0040fc92 f i libucrt:output.obj
 0001:0000ecac       ??$extract_argument_from_va_list@PAUansi_string@?1??type_case_Z@?$output_processor@DV?$stream_output_adapter@D@__crt_stdio_output@@V?$positional_parameter_base@DV?$stream_output_adapter@D@__crt_stdio_output@@@2@@__crt_stdio_output@@AAE_NXZ@PAU1?1??234@AAE_NXZ@@?$positional_parameter_base@DV?$stream_output_adapter@D@__crt_stdio_output@@@__crt_stdio_output@@IAE_NAAPAUansi_string@?1??type_case_Z@?$output_processor@DV?$stream_output_adapter@D@__crt_stdio_output@@V?$positional_parameter_base@DV?$stream_output_adapter@D@__crt_stdio_output@@@2@@1@AAE_NXZ@@Z 0040fcac f i libucrt:output.obj
 0001:0000ed24       ??$extract_argument_from_va_list@PAUansi_string@?1??type_case_Z@?$output_processor@DV?$stream_output_adapter@D@__crt_stdio_output@@V?$positional_parameter_base@DV?$stream_output_adapter@D@__crt_stdio_output@@@2@@__crt_stdio_output@@AAE_NXZ@PAU1?1??234@AAE_NXZ@@?$standard_base@DV?$stream_output_adapter@D@__crt_stdio_output@@@__crt_stdio_output@@IAE_NAAPAUansi_string@?1??type_case_Z@?$output_processor@DV?$stream_output_adapter@D@__crt_stdio_output@@V?$positional_parameter_base@DV?$stream_output_adapter@D@__crt_stdio_output@@@2@@1@AAE_NXZ@@Z 0040fd24 f i libucrt:output.obj
 0001:0000ed3e       ??$extract_argument_from_va_list@PAUansi_string@?1??type_case_Z@?$output_processor@DV?$stream_output_adapter@D@__crt_stdio_output@@V?$standard_base@DV?$stream_output_adapter@D@__crt_stdio_output@@@2@@__crt_stdio_output@@AAE_NXZ@PAU1?1??234@AAE_NXZ@@?$standard_base@DV?$stream_output_adapter@D@__crt_stdio_output@@@__crt_stdio_output@@IAE_NAAPAUansi_string@?1??type_case_Z@?$output_processor@DV?$stream_output_adapter@D@__crt_stdio_output@@V?$standard_base@DV?$stream_output_adapter@D@__crt_stdio_output@@@2@@1@AAE_NXZ@@Z 0040fd3e f i libucrt:output.obj
 0001:0000ed58       ??$extract_argument_from_va_list@PAUansi_string@?1??type_case_Z@?$output_processor@DV?$string_output_adapter@D@__crt_stdio_output@@V?$format_validation_base@DV?$string_output_adapter@D@__crt_stdio_output@@@2@@__crt_stdio_output@@AAE_NXZ@PAU1?1??234@AAE_NXZ@@?$standard_base@DV?$string_output_adapter@D@__crt_stdio_output@@@__crt_stdio_output@@IAE_NAAPAUansi_string@?1??type_case_Z@?$output_processor@DV?$string_output_adapter@D@__crt_stdio_output@@V?$format_validation_base@DV?$string_output_adapter@D@__crt_stdio_output@@@2@@1@AAE_NXZ@@Z 0040fd58 f i libucrt:output.obj
 0001:0000ed72       ??$extract_argument_from_va_list@PAUansi_string@?1??type_case_Z@?$output_processor@DV?$string_output_adapter@D@__crt_stdio_output@@V?$positional_parameter_base@DV?$string_output_adapter@D@__crt_stdio_output@@@2@@__crt_stdio_output@@AAE_NXZ@PAU1?1??234@AAE_NXZ@@?$positional_parameter_base@DV?$string_output_adapter@D@__crt_stdio_output@@@__crt_stdio_output@@IAE_NAAPAUansi_string@?1??type_case_Z@?$output_processor@DV?$string_output_adapter@D@__crt_stdio_output@@V?$positional_parameter_base@DV?$string_output_adapter@D@__crt_stdio_output@@@2@@1@AAE_NXZ@@Z 0040fd72 f i libucrt:output.obj
 0001:0000edea       ??$extract_argument_from_va_list@PAUansi_string@?1??type_case_Z@?$output_processor@DV?$string_output_adapter@D@__crt_stdio_output@@V?$positional_parameter_base@DV?$string_output_adapter@D@__crt_stdio_output@@@2@@__crt_stdio_output@@AAE_NXZ@PAU1?1??234@AAE_NXZ@@?$standard_base@DV?$string_output_adapter@D@__crt_stdio_output@@@__crt_stdio_output@@IAE_NAAPAUansi_string@?1??type_case_Z@?$output_processor@DV?$string_output_adapter@D@__crt_stdio_output@@V?$positional_parameter_base@DV?$string_output_adapter@D@__crt_stdio_output@@@2@@1@AAE_NXZ@@Z 0040fdea f i libucrt:output.obj
 0001:0000ee04       ??$extract_argument_from_va_list@PAUansi_string@?1??type_case_Z@?$output_processor@DV?$string_output_adapter@D@__crt_stdio_output@@V?$standard_base@DV?$string_output_adapter@D@__crt_stdio_output@@@2@@__crt_stdio_output@@AAE_NXZ@PAU1?1??234@AAE_NXZ@@?$standard_base@DV?$string_output_adapter@D@__crt_stdio_output@@@__crt_stdio_output@@IAE_NAAPAUansi_string@?1??type_case_Z@?$output_processor@DV?$string_output_adapter@D@__crt_stdio_output@@V?$standard_base@DV?$string_output_adapter@D@__crt_stdio_output@@@2@@1@AAE_NXZ@@Z 0040fe04 f i libucrt:output.obj
 0001:0000ee1e       ??$extract_argument_from_va_list@PAUansi_string@?1??type_case_Z@?$output_processor@_WV?$stream_output_adapter@_W@__crt_stdio_output@@V?$format_validation_base@_WV?$stream_output_adapter@_W@__crt_stdio_output@@@2@@__crt_stdio_output@@AAE_NXZ@PAU1?1??234@AAE_NXZ@@?$standard_base@_WV?$stream_output_adapter@_W@__crt_stdio_output@@@__crt_stdio_output@@IAE_NAAPAUansi_string@?1??type_case_Z@?$output_processor@_WV?$stream_output_adapter@_W@__crt_stdio_output@@V?$format_validation_base@_WV?$stream_output_adapter@_W@__crt_stdio_output@@@2@@1@AAE_NXZ@@Z 0040fe1e f i libucrt:output.obj
 0001:0000ee38       ??$extract_argument_from_va_list@PAUansi_string@?1??type_case_Z@?$output_processor@_WV?$stream_output_adapter@_W@__crt_stdio_output@@V?$positional_parameter_base@_WV?$stream_output_adapter@_W@__crt_stdio_output@@@2@@__crt_stdio_output@@AAE_NXZ@PAU1?1??234@AAE_NXZ@@?$positional_parameter_base@_WV?$stream_output_adapter@_W@__crt_stdio_output@@@__crt_stdio_output@@IAE_NAAPAUansi_string@?1??type_case_Z@?$output_processor@_WV?$stream_output_adapter@_W@__crt_stdio_output@@V?$positional_parameter_base@_WV?$stream_output_adapter@_W@__crt_stdio_output@@@2@@1@AAE_NXZ@@Z 0040fe38 f i libucrt:output.obj
 0001:0000eeb0       ??$extract_argument_from_va_list@PAUansi_string@?1??type_case_Z@?$output_processor@_WV?$stream_output_adapter@_W@__crt_stdio_output@@V?$positional_parameter_base@_WV?$stream_output_adapter@_W@__crt_stdio_output@@@2@@__crt_stdio_output@@AAE_NXZ@PAU1?1??234@AAE_NXZ@@?$standard_base@_WV?$stream_output_adapter@_W@__crt_stdio_output@@@__crt_stdio_output@@IAE_NAAPAUansi_string@?1??type_case_Z@?$output_processor@_WV?$stream_output_adapter@_W@__crt_stdio_output@@V?$positional_parameter_base@_WV?$stream_output_adapter@_W@__crt_stdio_output@@@2@@1@AAE_NXZ@@Z 0040feb0 f i libucrt:output.obj
[...]
 0002:00008b40       __sehtable$??R<lambda_6e4b09c48022b2350581041d5f6b0c4c>@@QBE@XZ 00449b40     libucrt:exit.obj
 0002:00008b60       __sehtable$??$?RV<lambda_03b1d95aef87969028cfba75ccab2455>@@AAV<lambda_6e4b09c48022b2350581041d5f6b0c4c>@@V<lambda_22bdf7517842c4b3e53723af5aa32b9e>@@@?$__crt_seh_guarded_call@X@@QAEX$$QAV<lambda_03b1d95aef87969028cfba75ccab2455>@@AAV<lambda_6e4b09c48022b2350581041d5f6b0c4c>@@$$QAV<lambda_22bdf7517842c4b3e53723af5aa32b9e>@@@Z 00449b60     libucrt:exit.obj
 0002:00008b80       __sehtable$??$?RV<lambda_2866be3712abc81a800a822484c830d8>@@AAV<lambda_39ca0ed439415581b5b15c265174cece>@@V<lambda_2b24c74d71094a6cd0cb82e44167d71b>@@@?$__crt_seh_guarded_call@X@@QAEX$$QAV<lambda_2866be3712abc81a800a822484c830d8>@@AAV<lambda_39ca0ed439415581b5b15c265174cece>@@$$QAV<lambda_2b24c74d71094a6cd0cb82e44167d71b>@@@Z 00449b80     libucrt:fflush.obj
 0002:00008ba0       __sehtable$??$?RV<lambda_2cc53f568c5a2bb6f192f930a45d44ea>@@AAV<lambda_ab61a845afdef5b7c387490eaf3616ee>@@V<lambda_c2ffc0b7726aa6be21d5f0026187e748>@@@?$__crt_seh_guarded_call@X@@QAEX$$QAV<lambda_2cc53f568c5a2bb6f192f930a45d44ea>@@AAV<lambda_ab61a845afdef5b7c387490eaf3616ee>@@$$QAV<lambda_c2ffc0b7726aa6be21d5f0026187e748>@@@Z 00449ba0     libucrt:fflush.obj
 0002:00008bc0       __sehtable$??$?RV<lambda_6d20deecaf4856105ebacbad442d1079>@@AAV<lambda_9a32fed5bf61b6b509b2d3f6003082a1>@@V<lambda_63ea2239ed67c638ddbae41947fdf875>@@@?$__crt_seh_guarded_call@H@@QAEH$$QAV<lambda_6d20deecaf4856105ebacbad442d1079>@@AAV<lambda_9a32fed5bf61b6b509b2d3f6003082a1>@@$$QAV<lambda_63ea2239ed67c638ddbae41947fdf875>@@@Z 00449bc0     libucrt:fflush.obj
 0002:00008be0       __sehtable$_fgetc          00449be0     libucrt:fgetc.obj
 0002:00008c00       __sehtable$??$?RV<lambda_c29ee0499b841886b80d843682cc403a>@@AAV<lambda_0be4ab1c2a6918fda4e39227d83ea893>@@V<lambda_5a3ed3da325c8ea037a470278c0f2d16>@@@?$__crt_seh_guarded_call@H@@QAEH$$QAV<lambda_c29ee0499b841886b80d843682cc403a>@@AAV<lambda_0be4ab1c2a6918fda4e39227d83ea893>@@$$QAV<lambda_5a3ed3da325c8ea037a470278c0f2d16>@@@Z 00449c00     libucrt:output.obj
 0002:00008c20       __sehtable$??$?RV<lambda_9b2bd5c6bb91c5c032542faa5c3cb611>@@AAV<lambda_be68057ced330f874c40fe9612235e36>@@V<lambda_dbd837d1c0b7fc6e2d81c287c81c071b>@@@?$__crt_seh_guarded_call@H@@QAEH$$QAV<lambda_9b2bd5c6bb91c5c032542faa5c3cb611>@@AAV<lambda_be68057ced330f874c40fe9612235e36>@@$$QAV<lambda_dbd837d1c0b7fc6e2d81c287c81c071b>@@@Z 00449c20     libucrt:output.obj
 0002:00008c40       __sehtable$??$?RV<lambda_5d912c5eb12d68f7685796d855ab8da6>@@AAV<lambda_81587a929b95143618da2bd798ca9df2>@@V<lambda_bfd63e08e93a545639db6d324cf10d1a>@@@?$__crt_seh_guarded_call@H@@QAEH$$QAV<lambda_5d912c5eb12d68f7685796d855ab8da6>@@AAV<lambda_81587a929b95143618da2bd798ca9df2>@@$$QAV<lambda_bfd63e08e93a545639db6d324cf10d1a>@@@Z 00449c40     libucrt:output.obj
 0002:00008c60       __sehtable$??$?RV<lambda_3cfd252a7c5e244e8f20fc56fe35ebe9>@@AAV<lambda_d7427dbf72509eba5fa970998bac2a27>@@V<lambda_8f55a0afecd2292d47fde3ce68e72492>@@@?$__crt_seh_guarded_call@H@@QAEH$$QAV<lambda_3cfd252a7c5e244e8f20fc56fe35ebe9>@@AAV<lambda_d7427dbf72509eba5fa970998bac2a27>@@$$QAV<lambda_8f55a0afecd2292d47fde3ce68e72492>@@@Z 00449c60     libucrt:output.obj
 0002:00008c80       __sehtable$??$?RV<lambda_ba8264b40644a42074cedf043e7aa388>@@AAV<lambda_9dc9bc4853282e051506c0cc602abcf3>@@V<lambda_1c412e3457517a614fb7d0c137686c95>@@@?$__crt_seh_guarded_call@H@@QAEH$$QAV<lambda_ba8264b40644a42074cedf043e7aa388>@@AAV<lambda_9dc9bc4853282e051506c0cc602abcf3>@@$$QAV<lambda_1c412e3457517a614fb7d0c137686c95>@@@Z 00449c80     libucrt:output.obj
 0002:00008ca0       __sehtable$??$?RV<lambda_cae121c7667f229345c68b3f32b19755>@@AAV<lambda_b09925f738b1434f525bf50d3162636f>@@V<lambda_18d67e1eeb4dde13899af949c649d933>@@@?$__crt_seh_guarded_call@H@@QAEH$$QAV<lambda_cae121c7667f229345c68b3f32b19755>@@AAV<lambda_b09925f738b1434f525bf50d3162636f>@@$$QAV<lambda_18d67e1eeb4dde13899af949c649d933>@@@Z 00449ca0     libucrt:output.obj
 0002:00008cc0       __sehtable$__setmode       00449cc0     libucrt:setmode.obj
 0002:00008ce0       __sehtable$__free_locale   00449ce0     libucrt:wsetlocale.obj
 0002:00008d08       __sehtable$??$?RV<lambda_e5124f882df8998aaf41531e079ba474>@@AAV<lambda_3e16ef9562a7dcce91392c22ab16ea36>@@V<lambda_e25ca0880e6ef98be67edffd8c599615>@@@?$__crt_seh_guarded_call@X@@QAEX$$QAV<lambda_e5124f882df8998aaf41531e079ba474>@@AAV<lambda_3e16ef9562a7dcce91392c22ab16ea36>@@$$QAV<lambda_e25ca0880e6ef98be67edffd8c599615>@@@Z 00449d08     libucrt:wsetlocale.obj
 0002:00008d28       __sehtable$??$?RV<lambda_82aef432098b982f9ede325b418aa67a>@@AAV<lambda_862e9a3f04921db6ca1ce3faa2bf3edf>@@V<lambda_ffabc152e504b53d7492b9889b10c020>@@@?$__crt_seh_guarded_call@X@@QAEX$$QAV<lambda_82aef432098b982f9ede325b418aa67a>@@AAV<lambda_862e9a3f04921db6ca1ce3faa2bf3edf>@@$$QAV<lambda_ffabc152e504b53d7492b9889b10c020>@@@Z 00449d28     libucrt:wsetlocale.obj
 0002:00008d48       __sehtable$??$?RV<lambda_6673f7c4c09a5d469d0c27ae364621ce>@@AAV<lambda_ebab98244f73a74f49db879bf13fa982>@@V<lambda_be20789b7a146653eab82509ec35b419>@@@?$__crt_seh_guarded_call@X@@QAEX$$QAV<lambda_6673f7c4c09a5d469d0c27ae364621ce>@@AAV<lambda_ebab98244f73a74f49db879bf13fa982>@@$$QAV<lambda_be20789b7a146653eab82509ec35b419>@@@Z 00449d48     libucrt:wsetlocale.obj
 0002:00008d68       __sehtable$??$?RV<lambda_4fdada1b837b2abbf20876fac97688ad>@@AAV<lambda_b57350f2640456a0859d250846f69caf>@@V<lambda_eed5e4f92b5b7d55fa22c48c484aaa54>@@@?$__crt_seh_guarded_call@X@@QAEX$$QAV<lambda_4fdada1b837b2abbf20876fac97688ad>@@AAV<lambda_b57350f2640456a0859d250846f69caf>@@$$QAV<lambda_eed5e4f92b5b7d55fa22c48c484aaa54>@@@Z 00449d68     libucrt:wsetlocale.obj
 0002:00008d88       __sehtable$??$?RV<lambda_ac03c5d59bd18b09cb88b28331f6bfed>@@AAV<lambda_2a444430fde8c29194d880d93eed5e8f>@@AAV<lambda_02db5278e8aef8b5e4976579d73f5304>@@@?$__crt_seh_guarded_call@X@@QAEX$$QAV<lambda_ac03c5d59bd18b09cb88b28331f6bfed>@@AAV<lambda_2a444430fde8c29194d880d93eed5e8f>@@AAV<lambda_02db5278e8aef8b5e4976579d73f5304>@@@Z 00449d88     libucrt:wsetlocale.obj
 0002:00008da8       __sehtable$??$?RV<lambda_8e746cf0007f6ed984d6f78af1fec997>@@AAV<lambda_22ebabd17bc4fa466a2aca6d8deb888d>@@V<lambda_18ed0c0b38a6dc0daf1e7ac6d6adf05e>@@@?$__crt_seh_guarded_call@H@@QAEH$$QAV<lambda_8e746cf0007f6ed984d6f78af1fec997>@@AAV<lambda_22ebabd17bc4fa466a2aca6d8deb888d>@@$$QAV<lambda_18ed0c0b38a6dc0daf1e7ac6d6adf05e>@@@Z 00449da8     libucrt:onexit.obj
 0002:00008dc8       __sehtable$??$?RV<lambda_69a2805e680e0e292e8ba93315fe43a8>@@AAV<lambda_f03950bc5685219e0bcd2087efbe011e>@@V<lambda_03fcd07e894ec930e3f35da366ca99d6>@@@?$__crt_seh_guarded_call@H@@QAEH$$QAV<lambda_69a2805e680e0e292e8ba93315fe43a8>@@AAV<lambda_f03950bc5685219e0bcd2087efbe011e>@@$$QAV<lambda_03fcd07e894ec930e3f35da366ca99d6>@@@Z 00449dc8     libucrt:onexit.obj
 0002:00008de8       __sehtable$_terminate      00449de8     libucrt:terminate.obj
 0002:00008e08       __sehtable$??$?RV<lambda_6b4b7855443974f2b4b77000ea21c99c>@@AAV<lambda_8f7d3b162ab39427f4fa9995c67a7986>@@V<lambda_cc9a5ba8a5d8428b9634eab82665e5dc>@@@?$__crt_seh_guarded_call@H@@QAEH$$QAV<lambda_6b4b7855443974f2b4b77000ea21c99c>@@AAV<lambda_8f7d3b162ab39427f4fa9995c67a7986>@@$$QAV<lambda_cc9a5ba8a5d8428b9634eab82665e5dc>@@@Z 00449e08     libucrt:winapi_thunks.obj
 0002:00008e28       __sehtable$__fcloseall     00449e28     libucrt:closeall.obj
 0002:00008e48       __sehtable$___acrt_initialize_lowio 00449e48     libucrt:ioinit.obj
 0002:00008e68       __sehtable$??$?RV<lambda_9e9de3de5fa147e2223d7db92bc10aa6>@@AAV<lambda_38ce7e780aa69e748d6df282ebc68efe>@@V<lambda_8ca6da459f0f6780f1cff60fdc3d00e5>@@@?$__crt_seh_guarded_call@H@@QAEH$$QAV<lambda_9e9de3de5fa147e2223d7db92bc10aa6>@@AAV<lambda_38ce7e780aa69e748d6df282ebc68efe>@@$$QAV<lambda_8ca6da459f0f6780f1cff60fdc3d00e5>@@@Z 00449e68     libucrt:commit.obj
 0002:00008e88       __sehtable$__write         00449e88     libucrt:write.obj
 0002:00008ea8       __sehtable$??$?RV<lambda_15ade71b0218206bbe3333a0c9b79046>@@AAV<lambda_da44e0f8b0f19ba52fefafb335991732>@@V<lambda_207f2d024fc103971653565357d6cd41>@@@?$__crt_seh_guarded_call@X@@QAEX$$QAV<lambda_15ade71b0218206bbe3333a0c9b79046>@@AAV<lambda_da44e0f8b0f19ba52fefafb335991732>@@$$QAV<lambda_207f2d024fc103971653565357d6cd41>@@@Z 00449ea8     libucrt:per_thread_data.obj
 0002:00008ec8       __sehtable$??$?RV<lambda_a7e850c220f1c8d1e6efeecdedd162c6>@@AAV<lambda_46720907175c18b6c9d2717bc0d2d362>@@V<lambda_9048902d66e8d99359bc9897bbb930a8>@@@?$__crt_seh_guarded_call@X@@QAEX$$QAV<lambda_a7e850c220f1c8d1e6efeecdedd162c6>@@AAV<lambda_46720907175c18b6c9d2717bc0d2d362>@@$$QAV<lambda_9048902d66e8d99359bc9897bbb930a8>@@@Z 00449ec8     libucrt:per_thread_data.obj
 0002:00008ee8       __sehtable$??$?RV<lambda_38edbb1296d33220d7e4dd0ed76b244a>@@AAV<lambda_5ce1d447e08cb34b2473517608e21441>@@V<lambda_fb385d3da700c9147fc39e65dd577a8c>@@@?$__crt_seh_guarded_call@X@@QAEX$$QAV<lambda_38edbb1296d33220d7e4dd0ed76b244a>@@AAV<lambda_5ce1d447e08cb34b2473517608e21441>@@$$QAV<lambda_fb385d3da700c9147fc39e65dd577a8c>@@@Z 00449ee8     libucrt:per_thread_data.obj
 0002:00008f08       __sehtable$??$?RV<lambda_6affb1475c98b40b75cdec977db92e3c>@@AAV<lambda_b8d4b9c228a6ecc3f80208dbb4b4a104>@@V<lambda_608742c3c92a14382c1684fc64f96c88>@@@?$__crt_seh_guarded_call@X@@QAEX$$QAV<lambda_6affb1475c98b40b75cdec977db92e3c>@@AAV<lambda_b8d4b9c228a6ecc3f80208dbb4b4a104>@@$$QAV<lambda_608742c3c92a14382c1684fc64f96c88>@@@Z 00449f08     libucrt:per_thread_data.obj
 0002:00008f28       __sehtable$_fputwc         00449f28     libucrt:fputwc.obj
 0002:00008f48       __sehtable$_fputc          00449f48     libucrt:fputc.obj
 0002:00008f68       __sehtable$?update_thread_multibyte_data_internal@@YAPAU__crt_multibyte_data@@QAU__acrt_ptd@@QAPAU1@@Z 00449f68     libucrt:mbctype.obj
 0002:00008f88       __sehtable$??$?RV<lambda_ceb1ee4838e85a9d631eb091e2fbe199>@@AAV<lambda_ae742caa10f662c28703da3d2ea5e57e>@@V<lambda_cd08b5d6af4937fe54fc07d0c9bf6b37>@@@?$__crt_seh_guarded_call@X@@QAEX$$QAV<lambda_ceb1ee4838e85a9d631eb091e2fbe199>@@AAV<lambda_ae742caa10f662c28703da3d2ea5e57e>@@$$QAV<lambda_cd08b5d6af4937fe54fc07d0c9bf6b37>@@@Z 00449f88     libucrt:mbctype.obj
 0002:00008fa8       __sehtable$__open_osfhandle 00449fa8     libucrt:osfinfo.obj
 0002:00008fc8       __sehtable$__alloc_osfhnd  00449fc8     libucrt:osfinfo.obj
 0002:00008fe8       __sehtable$___acrt_lowio_ensure_fh_exists 00449fe8     libucrt:osfinfo.obj
 0002:00009008       __sehtable$___acrt_update_thread_locale_data 0044a008     libucrt:locale_refcounting.obj
 0002:00009028       __sehtable$__query_new_handler 0044a028     libucrt:new_handler.obj
 0002:00009048       __sehtable$__set_new_handler 0044a048     libucrt:new_handler.obj
 0002:00009068       __sehtable$_signal         0044a068     libucrt:signal.obj
 0002:00009088       __sehtable$_raise          0044a088     libucrt:signal.obj
 0002:000090a8       __sehtable$?ctrlevent_capture@@YGHK@Z 0044a0a8     libucrt:signal.obj
 0002:000090c8       __sehtable$??$?RV<lambda_cbab9ec6f41b0180b23cc171c22676b0>@@AAV<lambda_44731a7d0e6d81c3e6aa82d741081786>@@V<lambda_4b292cb8dd18144e164572427af410ab>@@@?$__crt_seh_guarded_call@P6AXH@Z@@QAEP6AXH@Z$$QAV<lambda_cbab9ec6f41b0180b23cc171c22676b0>@@AAV<lambda_44731a7d0e6d81c3e6aa82d741081786>@@$$QAV<lambda_4b292cb8dd18144e164572427af410ab>@@@Z 0044a0c8     libucrt:signal.obj
 0002:000090e8       __sehtable$_fclose         0044a0e8     libucrt:fclose.obj
 0002:00009108       __sehtable$??$common_lseek@J@@YAJHJH@Z 0044a108     libucrt:lseek.obj
 0002:00009128       __sehtable$??$common_lseek@_J@@YA_JH_JH@Z 0044a128     libucrt:lseek.obj
 0002:00009148       __sehtable$??$?RV<lambda_f828341fbe69b7c0d4c527b01f22877f>@@AAV<lambda_9e0b6ab72a5b3ae37ad997d08b519f50>@@V<lambda_f01deac0a8d65d6e0411edf7e0af5775>@@@?$__crt_seh_guarded_call@G@@QAEG$$QAV<lambda_f828341fbe69b7c0d4c527b01f22877f>@@AAV<lambda_9e0b6ab72a5b3ae37ad997d08b519f50>@@$$QAV<lambda_f01deac0a8d65d6e0411edf7e0af5775>@@@Z 0044a148     libucrt:putwch.obj
 0002:00009168       __sehtable$__read          0044a168     libucrt:read.obj
 0002:00009188       __sehtable$___set_fpsr_sse2 0044a188     libucrt:fpctrl.obj
 0002:000091a8       __sehtable$??$?RV<lambda_218ce3db14220d0be481dae8ef3383b6>@@AAV<lambda_628dfdc04ba53c8bfc02c9951375f3f5>@@V<lambda_57dc472bd5c9d5f3b2cbca59b8a843ae>@@@?$__crt_seh_guarded_call@H@@QAEH$$QAV<lambda_218ce3db14220d0be481dae8ef3383b6>@@AAV<lambda_628dfdc04ba53c8bfc02c9951375f3f5>@@$$QAV<lambda_57dc472bd5c9d5f3b2cbca59b8a843ae>@@@Z 0044a1a8     libucrt:close.obj
 0002:000091c8       __sehtable$?__acrt_stdio_allocate_stream@@YA?AV__crt_stdio_stream@@XZ 0044a1c8     libucrt:stream.obj
 0002:000091e8       __sehtable$__IsNonwritableInCurrentImage 0044a1e8     LIBCMT:pesect.obj
 0002:000093ac       .idata$6                   0044a3ac     visa32:VISA32.dll
 0002:000099a6       .idata$6                   0044a9a6     kernel32:KERNEL32.dll
 0003:00000020       ?__vcrt_flsindex@@3KA      0044b020     libvcruntime:per_thread_data.obj
 0003:00000024       ?prefix@?1??getDimension@UnDecorator@@CA?AVDName@@_N@Z@4UStringLiteral@@A 0044b024     libvcruntime:undname.obj
 0003:000000e8       __ctype_loc_style          0044b0e8     libucrt:wsetlocale.obj
 0003:000000f0       ?errno_no_memory@@3HA      0044b0f0     libucrt:errno.obj
 0003:000000f4       ?doserrno_no_memory@@3KA   0044b0f4     libucrt:errno.obj
 0003:00000130       ?__acrt_flsindex@@3KA      0044b130     libucrt:per_thread_data.obj
 0003:00000420       __mbctypes                 0044b420     libucrt:mbctype.obj
 0003:00000528       __mbcasemaps               0044b528     libucrt:mbctype.obj
 0003:00000628       ?__rgctypeflag@@3PADA      0044b628     libucrt:mbctype.obj
 0003:00000630       ?__rgcode_page_info@@3PAUcode_page_info@@A 0044b630     libucrt:mbctype.obj
 0003:00000890       ?__DAZ_ENABLED@?1??__set_fpsr_sse2@@9@9 0044b890     libucrt:fpctrl.obj
 0003:00000894       ?__dcrt_lowio_console_output_handle@@3PAXA 0044b894     libucrt:initcon.obj
 0003:000009c0       _defaultRM                 0044b9c0     KepcoOPC.obj
 0003:000009c4       _instr                     0044b9c4     KepcoOPC.obj
 0003:000009c8       _status                    0044b9c8     KepcoOPC.obj
 0003:000009cc       _retCount                  0044b9cc     KepcoOPC.obj
 0003:000009d0       _writeCount                0044b9d0     KepcoOPC.obj
 0003:000009d8       _buffer                    0044b9d8     KepcoOPC.obj
 0003:00000a40       _stringinput               0044ba40     KepcoOPC.obj
 0003:00000c40       _GS_ExceptionRecord        0044bc40     LIBCMT:gs_report.obj
 0003:00000c90       _GS_ContextRecord          0044bc90     LIBCMT:gs_report.obj
 0003:00000f64       ?is_initialized_as_dll@@3_NA 0044bf64     LIBCMT:utility.obj
 0003:00000f65       ?module_local_atexit_table_initialized@@3_NA 0044bf65     LIBCMT:utility.obj
 0003:00000f68       ?module_local_atexit_table@@3U_onexit_table_t@@A 0044bf68     LIBCMT:utility.obj
 0003:00000f74       ?module_local_at_quick_exit_table@@3U_onexit_table_t@@A 0044bf74     LIBCMT:utility.obj
 0003:00000fac       ?__vcrt_startup_thread_ptd@@3U__vcrt_ptd@@A 0044bfac     libvcruntime:per_thread_data.obj
 0003:00000fd4       ___vcrt_lock_table         0044bfd4     libvcruntime:locks.obj
 0003:00000fec       ___vcrt_locks_initialized  0044bfec     libvcruntime:locks.obj
 0003:00001018       ?heap@@3V_HeapManager@@A   0044c018     libvcruntime:undname.obj
 0003:0000102c       ?module_handles@@3PAPAUHINSTANCE__@@A 0044c02c     libvcruntime:winapi_downlevel.obj
 0003:00001038       ?function_pointers@@3PAPAXA 0044c038     libvcruntime:winapi_downlevel.obj
 0003:00001050       ?c_termination_complete@@3JA 0044c050     libucrt:exit.obj
 0003:00001054       ?thread_local_exit_callback_func@@3P6GXPAXK0@ZA 0044c054     libucrt:exit.obj
 0003:00001068       ?__acrt_app_type@@3W4_crt_app_type@@A 0044c068     libucrt:report_runtime_error.obj
 0003:00001070       ?outmsg@?9??__acrt_report_runtime_error@@9@4PA_WA 0044c070     libucrt:report_runtime_error.obj
 0003:00001698       ?user_matherr@@3V?$dual_state_global@P6AHPAU_exception@@@Z@__crt_state_management@@A 0044c698     libucrt:matherr.obj
 0003:000016a0       ?program_name@?1???$common_configure_argv@D@@YAHW4_crt_argv_mode@@@Z@4PADA 0044c6a0     libucrt:argv_parsing.obj
 0003:000017a8       ?program_name@?1???$common_configure_argv@_W@@YAHW4_crt_argv_mode@@@Z@4PA_WA 0044c7a8     libucrt:argv_parsing.obj
 0003:000019e4       ?__acrt_global_new_mode@@3V?$dual_state_global@J@__crt_state_management@@A 0044c9e4     libucrt:new_mode.obj
 0003:00001a08       ?__acrt_lock_table@@3PAU_RTL_CRITICAL_SECTION@@A 0044ca08     libucrt:locks.obj
 0003:00001b58       ?__acrt_locks_initialized@@3IA 0044cb58     libucrt:locks.obj
 0003:00001b5c       ?state_cache@?1???$get_cached_win_policy@Ubegin_thread_init_policy_properties@?1??__acrt_get_begin_thread_init_policy@@YA?AW4begin_thread_init_policy@@XZ@@@YA?AW4begin_thread_init_policy@@W4AppPolicyThreadInitializationType@@@Z@4JA 0044cb5c     libucrt:win_policies.obj
 0003:00001b60       ?state_cache@?1???$get_cached_win_policy@Udeveloper_information_policy_properties@?1??__acrt_get_developer_information_policy@@YA?AW4developer_information_policy@@XZ@@@YA?AW4developer_information_policy@@W4AppPolicyShowDeveloperDiagnostic@@@Z@4JA 0044cb60     libucrt:win_policies.obj
 0003:00001b64       ?state_cache@?1???$get_cached_win_policy@Uwindowing_model_policy_properties@?1??__acrt_get_windowing_model_policy@@YA?AW4windowing_model_policy@@XZ@@@YA?AW4windowing_model_policy@@W4AppPolicyWindowingModel@@@Z@4JA 0044cb64     libucrt:win_policies.obj
 0003:00001b68       ?__acrt_invalid_parameter_handler@@3V?$dual_state_global@P6AXPB_W00II@Z@__crt_state_management@@A 0044cb68     libucrt:invalid_parameter.obj
 0003:00001b70       ?module_handles@@3PAPAUHINSTANCE__@@A 0044cb70     libucrt:winapi_thunks.obj
 0003:00001bc0       ?encoded_function_pointers@@3PAPAXA 0044cbc0     libucrt:winapi_thunks.obj
 0003:00001c48       ?static_enum_proc@?1??enum_system_locales_ex_nolock@@YAHQ6GHPA_WKJ@Z@Z@4P6GH0KJ@ZA 0044cc48     libucrt:winapi_thunks.obj
 0003:00001e54       ?internal_state@?1??_mbtowc_l@@9@4U_Mbstatet@@A 0044ce54     libucrt:mbtowc.obj
 0003:00001e5c       ?enable_percent_n@@3IA     0044ce5c     libucrt:printf_count_output.obj
 0003:00001e6c       ___acrt_error_mode         0044ce6c     libucrt:set_error_mode.obj
 0003:00001e7c       ?fSystemSet@@3HA           0044ce7c     libucrt:mbctype.obj
 0003:00001e80       ?initialized@?1??__acrt_initialize_multibyte@@9@4_NA 0044ce80     libucrt:mbctype.obj
 0003:00001e94       ?__acrt_new_handler@@3V?$dual_state_global@P6AHI@Z@__crt_state_management@@A 0044ce94     libucrt:new_handler.obj
 0003:00001e98       ?console_ctrl_handler_installed@@3_NA 0044ce98     libucrt:signal.obj
 0003:00001e9c       ?ctrlc_action@@3V?$dual_state_global@P6AXH@Z@__crt_state_management@@A 0044ce9c     libucrt:signal.obj
 0003:00001ea0       ?ctrlbreak_action@@3V?$dual_state_global@P6AXH@Z@__crt_state_management@@A 0044cea0     libucrt:signal.obj
 0003:00001ea4       ?abort_action@@3V?$dual_state_global@P6AXH@Z@__crt_state_management@@A 0044cea4     libucrt:signal.obj
 0003:00001ea8       ?term_action@@3V?$dual_state_global@P6AXH@Z@__crt_state_management@@A 0044cea8     libucrt:signal.obj
 0003:00001eac       ?mbst@?1??mbrlen@@9@4U_Mbstatet@@A 0044ceac     libucrt:mbrtowc.obj
 0003:00001eb4       ?mbst@?1??mbrtowc@@9@4U_Mbstatet@@A 0044ceb4     libucrt:mbrtowc.obj
 0003:00001ebc       ?mbst@?1??_mbsrtowcs_helper@@YAIPA_WPAPBDIPAU_Mbstatet@@@Z@4U2@A 0044cebc     libucrt:mbrtowc.obj
 0003:00001ec4       ?internal_pst@?1??__mbrtoc32_utf8@__crt_mbstring@@YAIPA_UPBDIPAU_Mbstatet@@@Z@4U3@A 0044cec4     libucrt:mbrtoc32.obj
 0003:00001ed0       __pmatherr_set             0044ced0     libucrt:libm_error.obj
 0004:00000060       $R000000                   0044d060     * linker generated manifest res *
